Microchip MPLAB XC8 Compiler V2.32

Linker command line:

-W-3 --edf=C:\Program Files\Microchip\xc8\v2.32\pic\dat\en_msgs.txt -cn \
  -h+dist/default/production\MM_Practica_03.X.production.sym \
  --cmf=dist/default/production\MM_Practica_03.X.production.cmf -z \
  -Q18F45K50 -oC:\Users\diego\AppData\Local\Temp\xcAs1gk.4 \
  --defsym=__MPLAB_BUILD=1 \
  -Mdist/default/production/MM_Practica_03.X.production.map -E1 \
  -ver=XC8 Compiler --acfsm=1493 -ASTACK=060h-07FFh -pstack=STACK \
  -ACODE=00h-07FFFh -ACONST=00h-07FFFh -ASMALLCONST=0800h-08FFhx120 \
  -AMEDIUMCONST=0800h-07FFFh -ACOMRAM=01h-05Fh -AABS1=00h-07FFh \
  -ABIGRAM=01h-07FFh -ARAM=060h-0FFh,0100h-01FFhx7 -ABANK0=060h-0FFh \
  -ABANK1=0100h-01FFh -ABANK2=0200h-02FFh -ABANK3=0300h-03FFh \
  -ABANK4=0400h-04FFh -ABANK5=0500h-05FFh -ABANK6=0600h-06FFh \
  -ABANK7=0700h-07FFh -ASFR=0F53h-0F5Fh,0F60h-0FFFh \
  -ACONFIG=0300000h-030000Dh -AIDLOC=0200000h-0200007h \
  -AEEDATA=0F00000h-0F000FFh -peeprom_data=EEDATA \
  -preset_vec=00h,intcode=08h,intcodelo=018h,powerup,init -pramtop=0800h \
  -psmallconst=SMALLCONST -pmediumconst=MEDIUMCONST -pconst=CONST \
  -AFARRAM=00h-00h \
  -prdata=COMRAM,nvrram=COMRAM,nvbit=COMRAM,rbss=COMRAM,rbit=COMRAM \
  -pfarbss=FARRAM,fardata=FARRAM,nvFARRAM=FARRAM \
  -pintsave_regs=BIGRAM,bigbss=BIGRAM,bigdata=BIGRAM -pbss=RAM \
  -pidata=CODE,irdata=CODE,ibigdata=CODE,ifardata=CODE -prparam=COMRAM \
  C:\Users\diego\AppData\Local\Temp\xcAs1gk.o \
  dist/default/production\MM_Practica_03.X.production.o 

Object code version is 3.11

Machine type is 18F45K50



                Name                               Link     Load   Length Selector   Space Scale
C:\Users\diego\AppData\Local\Temp\xcAs1gk.o
                idloc                            200000   200000        8        0       5
                config                           300000   300000        E        0       4
                init                                 66       66        4        C       0
                reset_vec                             0        0        4        0       0
dist/default/production\MM_Practica_03.X.production.o
                intcodelo                            18       18       4E        C       0
                intcode                               8        8        6        4       0
                idloc                            200000   200000        8        0       5
                config                           300000   300000        E        0       4
                temp                                  9        9        1        1       1
                text5                                A8       A8       30        C       0
                text4                                6A       6A       3E        C       0
                intcode_body                        104      104       22        C       0
                text1                                D8       D8       2C        C       0
                text0                               126      126       20        C       0
                cstackCOMRAM                          1        1        8        1       1
                cinit                               146      146        A        C       0

TOTAL           Name                               Link     Load   Length     Space
        CLASS   STACK          

        CLASS   CODE           
                intcodelo                            18       18       4E         0
                intcode                               8        8        6         0
                init                                 66       66        4         0
                reset_vec                             0        0        4         0
                text5                                A8       A8       30         0
                text4                                6A       6A       3E         0
                intcode_body                        104      104       22         0
                text1                                D8       D8       2C         0
                text0                               126      126       20         0
                cinit                               146      146        A         0

        CLASS   CONST          

        CLASS   SMALLCONST     

        CLASS   MEDIUMCONST    

        CLASS   COMRAM         
                temp                                  9        9        1         1
                cstackCOMRAM                          1        1        8         1

        CLASS   ABS1           

        CLASS   BIGRAM         

        CLASS   RAM            

        CLASS   BANK0          

        CLASS   BANK1          

        CLASS   BANK2          

        CLASS   BANK3          

        CLASS   BANK4          

        CLASS   BANK5          

        CLASS   BANK6          

        CLASS   BANK7          

        CLASS   SFR            

        CLASS   CONFIG         
                config                           300000   300000        E         4

        CLASS   IDLOC          
                idloc                            200000   200000        8         5

        CLASS   EEDATA         

        CLASS   FARRAM         



SEGMENTS        Name                           Load    Length   Top    Selector   Space  Class

                reset_vec                      000000  000004  000004         0       0  CODE    
                cstackCOMRAM                   000001  000009  00000A         1       1  COMRAM  
                intcode                        000008  000006  00000E         4       0  CODE    
                intcodelo                      000018  000138  000150         C       0  CODE    


UNUSED ADDRESS RANGES

        Name                Unused          Largest block    Delta
        BANK0            000060-0000FF               A0
        BANK1            000100-0001FF              100
        BANK2            000200-0002FF              100
        BANK3            000300-0003FF              100
        BANK4            000400-0004FF              100
        BANK5            000500-0005FF              100
        BANK6            000600-0006FF              100
        BANK7            000700-0007FF              100
        BIGRAM           00000A-0007FF              7F6
        CODE             000004-000007                4
                         00000E-000017                A
                         000150-007FFF             7EB0
        COMRAM           00000A-00005F               56
        CONST            000004-000007                4
                         00000E-000017                A
                         000150-007FFF             7EB0
        EEDATA           F00000-F000FF              100
        MEDIUMCONST      000800-007FFF             7800
        RAM              000060-0007FF              100
        SFR              000F53-000FFF                D
        SMALLCONST       000800-007FFF              100
        STACK            000060-0007FF              7A0

                                  Symbol Table

_ANSELA                  (abs)        000F5B
_ANSELB                  (abs)        000F5C
_ANSELD                  (abs)        000F5E
_Configuracion           text1        0000D8
_INTCON                  (abs)        000FF2
_INTCON3                 (abs)        000FF0
_INTCON3bits             (abs)        000FF0
_INTCONbits              (abs)        000FF2
_LATA                    (abs)        000F89
_LATD                    (abs)        000F8C
_PORTA                   (abs)        000F80
_PORTD                   (abs)        000F83
_RCONbits                (abs)        000FD0
_TRISA                   (abs)        000F92
_TRISB                   (abs)        000F93
_TRISD                   (abs)        000F95
__HRAM                   (abs)        000000
__Habs1                  abs1         000000
__Hbank0                 bank0        000000
__Hbank1                 bank1        000000
__Hbank2                 bank2        000000
__Hbank3                 bank3        000000
__Hbank4                 bank4        000000
__Hbank5                 bank5        000000
__Hbank6                 bank6        000000
__Hbank7                 bank7        000000
__Hbigbss                bigbss       000000
__Hbigdata               bigdata      000000
__Hbigram                bigram       000000
__Hbss                   bss          000000
__Hcinit                 cinit        000000
__Hclrtext               clrtext      000000
__Hcomram                comram       000000
__Hconfig                config       30000E
__Hconst                 const        000000
__HcstackCOMRAM          cstackCOMRAM 000000
__Hdata                  data         000000
__Heeprom_data           eeprom_data  000000
__Hfarbss                farbss       000000
__Hfardata               fardata      000000
__Hibigdata              ibigdata     000000
__Hidata                 idata        000000
__Hidloc                 idloc        200008
__Hifardata              ifardata     000000
__Hinit                  init         00006A
__Hintcode               intcode      00000E
__Hintcode_body          intcode_body 000000
__Hintcodelo             intcodelo    000066
__Hintentry              intentry     000000
__Hintret                intret       000000
__Hintsave_regs          intsave_regs 000000
__Hirdata                irdata       000000
__Hmediumconst           mediumconst  000000
__HnvFARRAM              nvFARRAM     000000
__Hnvbit                 nvbit        000000
__Hnvrram                nvrram       000000
__Hparam                 rparam       000000
__Hpowerup               powerup      000066
__Hram                   ram          000000
__Hramtop                ramtop       000800
__Hrbit                  rbit         000000
__Hrbss                  rbss         000000
__Hrdata                 rdata        000000
__Hreset_vec             reset_vec    000004
__Hrparam                rparam       000000
__Hsfr                   sfr          000000
__Hsmallconst            smallconst   000000
__Hspace_0               (abs)        000800
__Hspace_1               (abs)        00000A
__Hspace_2               (abs)        000000
__Hspace_4               (abs)        60000E
__Hstack                 stack        000000
__Hstruct                struct       000000
__Htemp                  temp         00000A
__Htext                  text         000000
__Htext0                 text0        000000
__Htext1                 text1        000000
__Htext4                 text4        000000
__Htext5                 text5        000000
__LRAM                   (abs)        000001
__Labs1                  abs1         000000
__Lbank0                 bank0        000000
__Lbank1                 bank1        000000
__Lbank2                 bank2        000000
__Lbank3                 bank3        000000
__Lbank4                 bank4        000000
__Lbank5                 bank5        000000
__Lbank6                 bank6        000000
__Lbank7                 bank7        000000
__Lbigbss                bigbss       000000
__Lbigdata               bigdata      000000
__Lbigram                bigram       000000
__Lbss                   bss          000000
__Lcinit                 cinit        000000
__Lclrtext               clrtext      000000
__Lcomram                comram       000000
__Lconfig                config       000000
__Lconst                 const        000000
__LcstackCOMRAM          cstackCOMRAM 000000
__Ldata                  data         000000
__Leeprom_data           eeprom_data  000000
__Lfarbss                farbss       000000
__Lfardata               fardata      000000
__Libigdata              ibigdata     000000
__Lidata                 idata        000000
__Lidloc                 idloc        000000
__Lifardata              ifardata     000000
__Linit                  init         000066
__Lintcode               intcode      000008
__Lintcode_body          intcode_body 000000
__Lintcodelo             intcodelo    000018
__Lintentry              intentry     000000
__Lintret                intret       000000
__Lintsave_regs          intsave_regs 000000
__Lirdata                irdata       000000
__Lmediumconst           mediumconst  000000
__LnvFARRAM              nvFARRAM     000000
__Lnvbit                 nvbit        000000
__Lnvrram                nvrram       000000
__Lparam                 rparam       000000
__Lpowerup               powerup      000066
__Lram                   ram          000000
__Lramtop                ramtop       000800
__Lrbit                  rbit         000000
__Lrbss                  rbss         000000
__Lrdata                 rdata        000000
__Lreset_vec             reset_vec    000000
__Lrparam                rparam       000000
__Lsfr                   sfr          000000
__Lsmallconst            smallconst   000000
__Lspace_0               (abs)        000000
__Lspace_1               (abs)        000000
__Lspace_2               (abs)        000000
__Lspace_4               (abs)        000000
__Lstack                 stack        000000
__Lstruct                struct       000000
__Ltemp                  temp         000009
__Ltext                  text         000000
__Ltext0                 text0        000000
__Ltext1                 text1        000000
__Ltext4                 text4        000000
__Ltext5                 text5        000000
__S0                     (abs)        000150
__S1                     (abs)        00000A
__S2                     (abs)        000000
__S4                     (abs)        000000
__S5                     (abs)        000000
___inthi_sp              stack        000000
___intlo_sp              stack        000000
___param_bank            (abs)        000000
___rparam_used           (abs)        000001
___sp                    stack        000000
__accesstop              (abs)        000060
__activetblptr           (abs)        000000
__end_of_Configuracion   text1        000104
__end_of__initialization cinit        000146
__end_of_contador        text5        0000D8
__end_of_main            text0        000146
__end_of_myLoIsr         intcodelo    000066
__end_of_parpadeo        text4        0000A8
__end_of_prioridadAlta   intcode_body 000126
__initialization         cinit        000146
__mediumconst            mediumconst  000000
__pcinit                 cinit        000146
__pcstackCOMRAM          cstackCOMRAM 000001
__pintcode               intcode      000008
__pintcode_body          intcode_body 000104
__pintcodelo             intcodelo    000018
__ptext0                 text0        000126
__ptext1                 text1        0000D8
__ptext4                 text4        00006A
__ptext5                 text5        0000A8
__ramtop                 ramtop       000800
__size_of_Configuracion  (abs)        000000
__size_of_contador       (abs)        000000
__size_of_main           (abs)        000000
__size_of_myLoIsr        (abs)        000000
__size_of_parpadeo       (abs)        000000
__size_of_prioridadAlta  (abs)        000000
__smallconst             smallconst   000000
_contador                text5        0000A8
_main                    text0        000126
_myLoIsr                 intcodelo    000018
_parpadeo                text4        00006A
_prioridadAlta           intcode      000008
btemp                    temp         000009
contador@A               cstackCOMRAM 000002
end_of_initialization    cinit        000146
int$flags                temp         000009
int_func                 intcode_body 000104
intlevel0                text         000000
intlevel1                text         000000
intlevel2                text         000000
intlevel3                text         000000
isa$std                  (abs)        000001
isa$xinst                (abs)        000000
myLoIsr@A                cstackCOMRAM 000007
parpadeo@A               cstackCOMRAM 000002
stackhi                  (abs)        0007FF
stacklo                  (abs)        000060
start                    init         000066
start_initialization     cinit        000146
ttemp5                   temp         00000A
ttemp6                   temp         00000D
ttemp7                   temp         000011
wtemp8                   temp         00000A


MODULE INFORMATION

Module		Function		Class		Link	Load	Size
shared
		__initialization		CODE           	0146	0000	1

shared estimated size: 1

main.c
		_myLoIsr       		CODE           	0018	0000	78
		_main          		CODE           	0126	0000	32
		_prioridadAlta 		CODE           	0008	0000	40
		_parpadeo      		CODE           	006A	0000	62
		_contador      		CODE           	00A8	0000	48
		_Configuracion 		CODE           	00D8	0000	44

main.c estimated size: 304

