Microchip MPLAB XC8 Compiler V2.32

Linker command line:

-W-3 --edf=C:\Program Files\Microchip\xc8\v2.32\pic\dat\en_msgs.txt -cn \
  -h+dist/default/production\MM_Tarea_01_2.X.production.sym \
  --cmf=dist/default/production\MM_Tarea_01_2.X.production.cmf -z \
  -Q18F45K50 -oC:\Users\diego\AppData\Local\Temp\xcAs78g.4 \
  --defsym=__MPLAB_BUILD=1 \
  -Mdist/default/production/MM_Tarea_01_2.X.production.map -E1 \
  -ver=XC8 Compiler --acfsm=1493 -ASTACK=090h-07FFh -pstack=STACK \
  -ACODE=00h-07FFFh -ACONST=00h-07FFFh -ASMALLCONST=0800h-08FFhx120 \
  -AMEDIUMCONST=0800h-07FFFh -ACOMRAM=01h-05Fh -AABS1=00h-07FFh \
  -ABIGRAM=01h-07FFh -ARAM=060h-0FFh,0100h-01FFhx7 -ABANK0=060h-0FFh \
  -ABANK1=0100h-01FFh -ABANK2=0200h-02FFh -ABANK3=0300h-03FFh \
  -ABANK4=0400h-04FFh -ABANK5=0500h-05FFh -ABANK6=0600h-06FFh \
  -ABANK7=0700h-07FFh -ASFR=0F53h-0F5Fh,0F60h-0FFFh \
  -ACONFIG=0300000h-030000Dh -AIDLOC=0200000h-0200007h \
  -AEEDATA=0F00000h-0F000FFh -peeprom_data=EEDATA \
  -preset_vec=00h,intcode,intcodelo,powerup,init -pramtop=0800h \
  -psmallconst=SMALLCONST -pmediumconst=MEDIUMCONST -pconst=CONST \
  -AFARRAM=00h-00h \
  -prdata=COMRAM,nvrram=COMRAM,nvbit=COMRAM,rbss=COMRAM,rbit=COMRAM \
  -pfarbss=FARRAM,fardata=FARRAM,nvFARRAM=FARRAM \
  -pintsave_regs=BIGRAM,bigbss=BIGRAM,bigdata=BIGRAM -pbss=RAM \
  -pidata=CODE,irdata=CODE,ibigdata=CODE,ifardata=CODE -prparam=COMRAM \
  C:\Users\diego\AppData\Local\Temp\xcAs78g.o \
  dist/default/production\MM_Tarea_01_2.X.production.o 

Object code version is 3.11

Machine type is 18F45K50



                Name                               Link     Load   Length Selector   Space Scale
C:\Users\diego\AppData\Local\Temp\xcAs78g.o
                idloc                            200000   200000        8        0       5
                config                           300000   300000        E        0       4
                init                                  0        0        4        0       0
dist/default/production\MM_Tarea_01_2.X.production.o
                idloc                            200000   200000        8        0       5
                config                           300000   300000        E        0       4
                smallconst                          800      800       20      400       0
                text16                             142E     142E       28      410       0
                text15                             147C     147C       24      410       0
                text14                             13FE     13FE       30      410       0
                text13                             1248     1248       66      410       0
                text12                              CB6      CB6      188      410       0
                text11                              E3E      E3E      164      410       0
                text10                             1354     1354       40      410       0
                text9                              13CA     13CA       34      410       0
                text8                              11B2     11B2       96      410       0
                text7                              1310     1310       44      410       0
                text6                              1394     1394       36      410       0
                text5                              10EC     10EC       C6      410       0
                text4                               820      820      2E2      410       0
                text3                               B02      B02      1B4      410       0
                text2                              12AE     12AE       62      410       0
                text1                              1456     1456       26      410       0
                text0                               FA2      FA2      14A      410       0
                cstackCOMRAM                          1        1       5F        1       1
                cstackBANK0                          88       88        8       60       1
                bssBANK0                             60       60       28       60       1
                cinit                              14A0     14A0       1A      410       0

TOTAL           Name                               Link     Load   Length     Space
        CLASS   STACK          

        CLASS   CODE           
                init                                  0        0        4         0
                text16                             142E     142E       28         0
                text15                             147C     147C       24         0
                text14                             13FE     13FE       30         0
                text13                             1248     1248       66         0
                text12                              CB6      CB6      188         0
                text11                              E3E      E3E      164         0
                text10                             1354     1354       40         0
                text9                              13CA     13CA       34         0
                text8                              11B2     11B2       96         0
                text7                              1310     1310       44         0
                text6                              1394     1394       36         0
                text5                              10EC     10EC       C6         0
                text4                               820      820      2E2         0
                text3                               B02      B02      1B4         0
                text2                              12AE     12AE       62         0
                text1                              1456     1456       26         0
                text0                               FA2      FA2      14A         0
                cinit                              14A0     14A0       1A         0

        CLASS   CONST          

        CLASS   SMALLCONST     
                smallconst                          800      800       20         0

        CLASS   MEDIUMCONST    

        CLASS   COMRAM         
                cstackCOMRAM                          1        1       5F         1

        CLASS   ABS1           

        CLASS   BIGRAM         

        CLASS   RAM            

        CLASS   BANK0          
                cstackBANK0                          88       88        8         1
                bssBANK0                             60       60       28         1

        CLASS   BANK1          

        CLASS   BANK2          

        CLASS   BANK3          

        CLASS   BANK4          

        CLASS   BANK5          

        CLASS   BANK6          

        CLASS   BANK7          

        CLASS   SFR            

        CLASS   CONFIG         
                config                           300000   300000        E         4

        CLASS   IDLOC          
                idloc                            200000   200000        8         5

        CLASS   EEDATA         

        CLASS   FARRAM         



SEGMENTS        Name                           Load    Length   Top    Selector   Space  Class

                reset_vec                      000000  000004  000004         0       0  CODE    
                cstackCOMRAM                   000001  00005F  000060         1       1  COMRAM  
                bssBANK0                       000060  000030  000090        60       1  BANK0   
                smallconst                     000800  000020  000820       400       0  SMALLCON
                text4                          000820  000C9A  0014BA       410       0  CODE    


UNUSED ADDRESS RANGES

        Name                Unused          Largest block    Delta
        BANK0            000090-0000FF               70
        BANK1            000100-0001FF              100
        BANK2            000200-0002FF              100
        BANK3            000300-0003FF              100
        BANK4            000400-0004FF              100
        BANK5            000500-0005FF              100
        BANK6            000600-0006FF              100
        BANK7            000700-0007FF              100
        BIGRAM           000090-0007FF              770
        CODE             000004-0007FF              7FC
                         0014BA-007FFF             6B46
        CONST            000004-0007FF              7FC
                         0014BA-007FFF             6B46
        EEDATA           F00000-F000FF              100
        MEDIUMCONST      0014BA-007FFF             6B46
        RAM              000090-0007FF              100
        SFR              000F53-000FFF                D
        SMALLCONST       0014BA-007FFF              100
        STACK            000090-0007FF              770

                                  Symbol Table

?_Conversion             cstackCOMRAM 000001
?___aodiv                cstackCOMRAM 000001
?___aomod                cstackCOMRAM 000001
?_abs                    cstackCOMRAM 000013
?_dtoa                   cstackCOMRAM 00001E
?_pad                    cstackCOMRAM 000013
?_printf                 cstackCOMRAM 00005A
?_strlen                 cstackCOMRAM 000001
?_vfpfcnvrt              cstackCOMRAM 000042
?_vfprintf               cstackCOMRAM 000052
_ADCON0                  (abs)        000FC2
_ADCON0bits              (abs)        000FC2
_ADCON1                  (abs)        000FC1
_ADCON2                  (abs)        000FC0
_ADRESH                  (abs)        000FC4
_ADRESL                  (abs)        000FC3
_ANSELA                  (abs)        000F5B
_ANSELD                  (abs)        000F5E
_ANSELE                  (abs)        000F5F
_Configuracion           text16       00142E
_Conversion              text15       00147C
_InicializaLCD           text13       001248
_LATD                    (abs)        000F8C
_LATE                    (abs)        000F8D
_PORTAbits               (abs)        000F80
_TRISA                   (abs)        000F92
_TRISD                   (abs)        000F95
_TRISE                   (abs)        000F96
__HRAM                   (abs)        000000
__Habs1                  abs1         000000
__Hbank0                 bank0        000000
__Hbank1                 bank1        000000
__Hbank2                 bank2        000000
__Hbank3                 bank3        000000
__Hbank4                 bank4        000000
__Hbank5                 bank5        000000
__Hbank6                 bank6        000000
__Hbank7                 bank7        000000
__Hbigbss                bigbss       000000
__Hbigdata               bigdata      000000
__Hbigram                bigram       000000
__Hbss                   bss          000000
__HbssBANK0              bssBANK0     000000
__Hcinit                 cinit        000000
__Hclrtext               clrtext      000000
__Hcomram                comram       000000
__Hconfig                config       30000E
__Hconst                 const        000000
__HcstackBANK0           cstackBANK0  000000
__HcstackCOMRAM          cstackCOMRAM 000000
__Hdata                  data         000000
__Heeprom_data           eeprom_data  000000
__Hfarbss                farbss       000000
__Hfardata               fardata      000000
__Hibigdata              ibigdata     000000
__Hidata                 idata        000000
__Hidloc                 idloc        200008
__Hifardata              ifardata     000000
__Hinit                  init         000004
__Hintcode               intcode      000000
__Hintcode_body          intcode_body 000000
__Hintcodelo             intcodelo    000000
__Hintentry              intentry     000000
__Hintret                intret       000000
__Hintsave_regs          intsave_regs 000000
__Hirdata                irdata       000000
__Hmediumconst           mediumconst  000000
__HnvFARRAM              nvFARRAM     000000
__Hnvbit                 nvbit        000000
__Hnvrram                nvrram       000000
__Hparam                 rparam       000000
__Hpowerup               powerup      000000
__Hram                   ram          000000
__Hramtop                ramtop       000800
__Hrbit                  rbit         000000
__Hrbss                  rbss         000000
__Hrdata                 rdata        000000
__Hreset_vec             reset_vec    000000
__Hrparam                rparam       000000
__Hsfr                   sfr          000000
__Hsmallconst            smallconst   000820
__Hspace_0               (abs)        0014BA
__Hspace_1               (abs)        000090
__Hspace_2               (abs)        000000
__Hspace_4               (abs)        60000E
__Hstack                 stack        000000
__Hstruct                struct       000000
__Htemp                  temp         000000
__Htext                  text         000000
__Htext0                 text0        000000
__Htext1                 text1        000000
__Htext10                text10       000000
__Htext11                text11       000000
__Htext12                text12       000000
__Htext13                text13       000000
__Htext14                text14       000000
__Htext15                text15       000000
__Htext16                text16       000000
__Htext2                 text2        000000
__Htext3                 text3        000000
__Htext4                 text4        000000
__Htext5                 text5        000000
__Htext6                 text6        000000
__Htext7                 text7        000000
__Htext8                 text8        000000
__Htext9                 text9        000000
__LRAM                   (abs)        000001
__Labs1                  abs1         000000
__Lbank0                 bank0        000000
__Lbank1                 bank1        000000
__Lbank2                 bank2        000000
__Lbank3                 bank3        000000
__Lbank4                 bank4        000000
__Lbank5                 bank5        000000
__Lbank6                 bank6        000000
__Lbank7                 bank7        000000
__Lbigbss                bigbss       000000
__Lbigdata               bigdata      000000
__Lbigram                bigram       000000
__Lbss                   bss          000000
__LbssBANK0              bssBANK0     000000
__Lcinit                 cinit        000000
__Lclrtext               clrtext      000000
__Lcomram                comram       000000
__Lconfig                config       000000
__Lconst                 const        000000
__LcstackBANK0           cstackBANK0  000000
__LcstackCOMRAM          cstackCOMRAM 000000
__Ldata                  data         000000
__Leeprom_data           eeprom_data  000000
__Lfarbss                farbss       000000
__Lfardata               fardata      000000
__Libigdata              ibigdata     000000
__Lidata                 idata        000000
__Lidloc                 idloc        000000
__Lifardata              ifardata     000000
__Linit                  init         000000
__Lintcode               intcode      000000
__Lintcode_body          intcode_body 000000
__Lintcodelo             intcodelo    000000
__Lintentry              intentry     000000
__Lintret                intret       000000
__Lintsave_regs          intsave_regs 000000
__Lirdata                irdata       000000
__Lmediumconst           mediumconst  000000
__LnvFARRAM              nvFARRAM     000000
__Lnvbit                 nvbit        000000
__Lnvrram                nvrram       000000
__Lparam                 rparam       000000
__Lpowerup               powerup      000000
__Lram                   ram          000000
__Lramtop                ramtop       000800
__Lrbit                  rbit         000000
__Lrbss                  rbss         000000
__Lrdata                 rdata        000000
__Lreset_vec             reset_vec    000000
__Lrparam                rparam       000000
__Lsfr                   sfr          000000
__Lsmallconst            smallconst   000800
__Lspace_0               (abs)        000000
__Lspace_1               (abs)        000000
__Lspace_2               (abs)        000000
__Lspace_4               (abs)        000000
__Lstack                 stack        000000
__Lstruct                struct       000000
__Ltemp                  temp         000000
__Ltext                  text         000000
__Ltext0                 text0        000000
__Ltext1                 text1        000000
__Ltext10                text10       000000
__Ltext11                text11       000000
__Ltext12                text12       000000
__Ltext13                text13       000000
__Ltext14                text14       000000
__Ltext15                text15       000000
__Ltext16                text16       000000
__Ltext2                 text2        000000
__Ltext3                 text3        000000
__Ltext4                 text4        000000
__Ltext5                 text5        000000
__Ltext6                 text6        000000
__Ltext7                 text7        000000
__Ltext8                 text8        000000
__Ltext9                 text9        000000
__S0                     (abs)        0014BA
__S1                     (abs)        000090
__S2                     (abs)        000000
__S4                     (abs)        000000
__S5                     (abs)        000000
___aodiv                 text12       000CB6
___aodiv@counter         cstackCOMRAM 000011
___aodiv@dividend        cstackCOMRAM 000001
___aodiv@divisor         cstackCOMRAM 000009
___aodiv@quotient        cstackCOMRAM 000013
___aodiv@sign            cstackCOMRAM 000012
___aomod                 text11       000E3E
___aomod@counter         cstackCOMRAM 000011
___aomod@dividend        cstackCOMRAM 000001
___aomod@divisor         cstackCOMRAM 000009
___aomod@sign            cstackCOMRAM 000012
___inthi_sp              stack        000000
___intlo_sp              stack        000000
___param_bank            (abs)        000000
___rparam_used           (abs)        000001
___sp                    stack        000000
__accesstop              (abs)        000060
__activetblptr           (abs)        000001
__end_of_Configuracion   text16       001456
__end_of_Conversion      text15       0014A0
__end_of_InicializaLCD   text13       0012AE
__end_of___aodiv         text12       000E3E
__end_of___aomod         text11       000FA2
__end_of__initialization cinit        0014AC
__end_of_abs             text10       001394
__end_of_dtoa            text4        000B02
__end_of_fputc           text8        001248
__end_of_fputs           text7        001354
__end_of_main            text0        0010EC
__end_of_pad             text5        0011B2
__end_of_printf          text1        00147C
__end_of_putch           text9        0013FE
__end_of_putcm           text14       00142E
__end_of_strlen          text6        0013CA
__end_of_vfpfcnvrt       text3        000CB6
__end_of_vfprintf        text2        001310
__initialization         cinit        0014A0
__mediumconst            mediumconst  000000
__pbssBANK0              bssBANK0     000060
__pcinit                 cinit        0014A0
__pcstackBANK0           cstackBANK0  000088
__pcstackCOMRAM          cstackCOMRAM 000001
__psmallconst            smallconst   000800
__ptext0                 text0        000FA2
__ptext1                 text1        001456
__ptext10                text10       001354
__ptext11                text11       000E3E
__ptext12                text12       000CB6
__ptext13                text13       001248
__ptext14                text14       0013FE
__ptext15                text15       00147C
__ptext16                text16       00142E
__ptext2                 text2        0012AE
__ptext3                 text3        000B02
__ptext4                 text4        000820
__ptext5                 text5        0010EC
__ptext6                 text6        001394
__ptext7                 text7        001310
__ptext8                 text8        0011B2
__ptext9                 text9        0013CA
__ramtop                 ramtop       000800
__size_of_Configuracion  (abs)        000000
__size_of_Conversion     (abs)        000000
__size_of_InicializaLCD  (abs)        000000
__size_of___aodiv        (abs)        000000
__size_of___aomod        (abs)        000000
__size_of_abs            (abs)        000000
__size_of_dtoa           (abs)        000000
__size_of_fputc          (abs)        000000
__size_of_fputs          (abs)        000000
__size_of_main           (abs)        000000
__size_of_pad            (abs)        000000
__size_of_printf         (abs)        000000
__size_of_putch          (abs)        000000
__size_of_putcm          (abs)        000000
__size_of_strlen         (abs)        000000
__size_of_vfpfcnvrt      (abs)        000000
__size_of_vfprintf       (abs)        000000
__smallconst             smallconst   000800
_abs                     text10       001354
_dbuf                    bssBANK0     000068
_dtoa                    text4        000820
_dtoa$728                cstackCOMRAM 000030
_flags                   bssBANK0     000066
_fputc                   text8        0011B2
_fputs                   text7        001310
_main                    text0        000FA2
_nout                    bssBANK0     000060
_pad                     text5        0010EC
_prec                    bssBANK0     000064
_printf                  text1        001456
_putch                   text9        0013CA
_putcm                   text14       0013FE
_strlen                  text6        001394
_vfpfcnvrt               text3        000B02
_vfprintf                text2        0012AE
_width                   bssBANK0     000062
abs@a                    cstackCOMRAM 000013
dtoa@d                   cstackCOMRAM 000020
dtoa@fp                  cstackCOMRAM 00001E
dtoa@i                   cstackCOMRAM 000040
dtoa@n                   cstackCOMRAM 000038
dtoa@p                   cstackCOMRAM 000032
dtoa@s                   cstackCOMRAM 000036
dtoa@w                   cstackCOMRAM 000034
end_of_initialization    cinit        0014AC
fputc@c                  cstackCOMRAM 000003
fputc@fp                 cstackCOMRAM 000005
fputs@c                  cstackCOMRAM 000010
fputs@fp                 cstackCOMRAM 00000E
fputs@i                  cstackCOMRAM 000011
fputs@s                  cstackCOMRAM 00000C
intlevel0                text         000000
intlevel1                text         000000
intlevel2                text         000000
intlevel3                text         000000
isa$std                  (abs)        000001
isa$xinst                (abs)        000000
main@contador            cstackBANK0  000089
main@direccion           cstackBANK0  00008E
main@enProceso           cstackBANK0  00008B
main@motor               cstackBANK0  00008F
main@potenciometro       cstackBANK0  00008C
pad@buf                  cstackCOMRAM 000015
pad@fp                   cstackCOMRAM 000013
pad@i                    cstackCOMRAM 00001A
pad@p                    cstackCOMRAM 000017
pad@w                    cstackCOMRAM 00001C
printf@ap                cstackCOMRAM 00005E
printf@fmt               cstackCOMRAM 00005A
putch@Activa             cstackCOMRAM 000002
putch@data               cstackCOMRAM 000001
putcm@Activa             cstackCOMRAM 000002
putcm@data               cstackCOMRAM 000001
stackhi                  (abs)        0007FF
stacklo                  (abs)        000090
start                    init         000000
start_initialization     cinit        0014A0
strlen@a                 cstackCOMRAM 000003
strlen@s                 cstackCOMRAM 000001
vfpfcnvrt@ap             cstackCOMRAM 000046
vfpfcnvrt@fmt            cstackCOMRAM 000044
vfpfcnvrt@fp             cstackCOMRAM 000042
vfpfcnvrt@ll             cstackCOMRAM 00004A
vfprintf@ap              cstackCOMRAM 000056
vfprintf@cfmt            cstackCOMRAM 000058
vfprintf@fmt             cstackCOMRAM 000054
vfprintf@fp              cstackCOMRAM 000052


MODULE INFORMATION

Module		Function		Class		Link	Load	Size
C:\Program Files\Microchip\xc8\v2.32\pic\sources\c99\common\doprnt.c
		_vfpfcnvrt     		CODE           	0B02	0000	436
		_pad           		CODE           	10EC	0000	198
		_dtoa          		CODE           	0820	0000	738
		_vfprintf      		CODE           	12AE	0000	98

C:\Program Files\Microchip\xc8\v2.32\pic\sources\c99\common\doprnt.c estimated size: 1470

C:\Program Files\Microchip\xc8\v2.32\pic\sources\c99\common\nf_fputs.c
		_fputs         		CODE           	1310	0000	68

C:\Program Files\Microchip\xc8\v2.32\pic\sources\c99\common\nf_fputs.c estimated size: 68

C:\Program Files\Microchip\xc8\v2.32\pic\sources\c99\common\abs.c
		_abs           		CODE           	1354	0000	64

C:\Program Files\Microchip\xc8\v2.32\pic\sources\c99\common\abs.c estimated size: 64

C:\Program Files\Microchip\xc8\v2.32\pic\sources\c99\common\aomod.c
		___aomod       		CODE           	0E3E	0000	356

C:\Program Files\Microchip\xc8\v2.32\pic\sources\c99\common\aomod.c estimated size: 356

shared
		__initialization		CODE           	14A0	0000	12

shared estimated size: 12

C:\Program Files\Microchip\xc8\v2.32\pic\sources\c99\common\printf.c
		_printf        		CODE           	1456	0000	38

C:\Program Files\Microchip\xc8\v2.32\pic\sources\c99\common\printf.c estimated size: 38

C:\Program Files\Microchip\xc8\v2.32\pic\sources\c99\common\nf_fputc.c
		_fputc         		CODE           	11B2	0000	150

C:\Program Files\Microchip\xc8\v2.32\pic\sources\c99\common\nf_fputc.c estimated size: 150

C:\Program Files\Microchip\xc8\v2.32\pic\sources\c99\common\aodiv.c
		___aodiv       		CODE           	0CB6	0000	392

C:\Program Files\Microchip\xc8\v2.32\pic\sources\c99\common\aodiv.c estimated size: 392

main.c
		_putcm         		CODE           	13FE	0000	48
		_InicializaLCD 		CODE           	1248	0000	102
		_putch         		CODE           	13CA	0000	52
		_main          		CODE           	0FA2	0000	330
		_Conversion    		CODE           	147C	0000	36
		_Configuracion 		CODE           	142E	0000	40

main.c estimated size: 608

C:\Program Files\Microchip\xc8\v2.32\pic\sources\c99\common\strlen.c
		_strlen        		CODE           	1394	0000	54

C:\Program Files\Microchip\xc8\v2.32\pic\sources\c99\common\strlen.c estimated size: 54

