Microchip MPLAB XC8 Compiler V2.32

Linker command line:

-W-3 --edf=/opt/microchip/xc8/v2.32/pic/dat/en_msgs.txt -cn \
  -h+dist/default/production/MM_Practica_05.X.production.sym \
  --cmf=dist/default/production/MM_Practica_05.X.production.cmf -z \
  -Q18F45K50 -o/tmp/xcXNJPAoh --defsym=__MPLAB_BUILD=1 \
  -Mdist/default/production/MM_Practica_05.X.production.map -E1 \
  -ver=XC8 Compiler --acfsm=1493 -ASTACK=060h-07FFh -pstack=STACK \
  -ACODE=00h-07FFFh -ACONST=00h-07FFFh -ASMALLCONST=0800h-08FFhx120 \
  -AMEDIUMCONST=0800h-07FFFh -ACOMRAM=01h-05Fh -AABS1=00h-07FFh \
  -ABIGRAM=01h-07FFh -ARAM=060h-0FFh,0100h-01FFhx7 -ABANK0=060h-0FFh \
  -ABANK1=0100h-01FFh -ABANK2=0200h-02FFh -ABANK3=0300h-03FFh \
  -ABANK4=0400h-04FFh -ABANK5=0500h-05FFh -ABANK6=0600h-06FFh \
  -ABANK7=0700h-07FFh -ASFR=0F53h-0F5Fh,0F60h-0FFFh \
  -ACONFIG=0300000h-030000Dh -AIDLOC=0200000h-0200007h \
  -AEEDATA=0F00000h-0F000FFh -peeprom_data=EEDATA \
  -preset_vec=00h,intcode=08h,intcodelo,powerup,init -pramtop=0800h \
  -psmallconst=SMALLCONST -pmediumconst=MEDIUMCONST -pconst=CONST \
  -AFARRAM=00h-00h \
  -prdata=COMRAM,nvrram=COMRAM,nvbit=COMRAM,rbss=COMRAM,rbit=COMRAM \
  -pfarbss=FARRAM,fardata=FARRAM,nvFARRAM=FARRAM \
  -pintsave_regs=BIGRAM,bigbss=BIGRAM,bigdata=BIGRAM -pbss=RAM \
  -pidata=CODE,irdata=CODE,ibigdata=CODE,ifardata=CODE -prparam=COMRAM \
  /tmp/xcXHeaJhM.o dist/default/production/MM_Practica_05.X.production.o 

Object code version is 3.11

Machine type is 18F45K50



                Name                               Link     Load   Length Selector   Space Scale
/tmp/xcXHeaJhM.o
                idloc                            200000   200000        8        0       5
                config                           300000   300000        E        0       4
                init                                 56       56        4        4       0
                reset_vec                             0        0        4        0       0
dist/default/production/MM_Practica_05.X.production.o
                intcode                               8        8       4E        4       0
                idloc                            200000   200000        8        0       5
                config                           300000   300000        E        0       4
                temp                                 10       10        1        1       1
                smallconst                          800      800        C      400       0
                text4                               882      882       28      406       0
                text2                               854      854       2E      406       0
                text1                               8AA      8AA       1A      406       0
                text0                               80C      80C       48      406       0
                cstackCOMRAM                          1        1        E        1       1
                cinit                               8C4      8C4       12      406       0
                nvCOMRAM                              F        F        1        1       1

TOTAL           Name                               Link     Load   Length     Space
        CLASS   STACK          

        CLASS   CODE           
                intcode                               8        8       4E         0
                init                                 56       56        4         0
                reset_vec                             0        0        4         0
                text4                               882      882       28         0
                text2                               854      854       2E         0
                text1                               8AA      8AA       1A         0
                text0                               80C      80C       48         0
                cinit                               8C4      8C4       12         0

        CLASS   CONST          

        CLASS   SMALLCONST     
                smallconst                          800      800        C         0

        CLASS   MEDIUMCONST    

        CLASS   COMRAM         
                temp                                 10       10        1         1
                cstackCOMRAM                          1        1        E         1
                nvCOMRAM                              F        F        1         1

        CLASS   ABS1           

        CLASS   BIGRAM         

        CLASS   RAM            

        CLASS   BANK0          

        CLASS   BANK1          

        CLASS   BANK2          

        CLASS   BANK3          

        CLASS   BANK4          

        CLASS   BANK5          

        CLASS   BANK6          

        CLASS   BANK7          

        CLASS   SFR            

        CLASS   CONFIG         
                config                           300000   300000        E         4

        CLASS   IDLOC          
                idloc                            200000   200000        8         5

        CLASS   EEDATA         

        CLASS   FARRAM         



SEGMENTS        Name                           Load    Length   Top    Selector   Space  Class

                reset_vec                      000000  000004  000004         0       0  CODE    
                cstackCOMRAM                   000001  000010  000011         1       1  COMRAM  
                text0                          00080C  0000CA  0008D6       406       0  CODE    
                intcode                        000008  000052  00005A         4       0  CODE    
                smallconst                     000800  00000C  00080C       400       0  SMALLCON


UNUSED ADDRESS RANGES

        Name                Unused          Largest block    Delta
        BANK0            000060-0000FF               A0
        BANK1            000100-0001FF              100
        BANK2            000200-0002FF              100
        BANK3            000300-0003FF              100
        BANK4            000400-0004FF              100
        BANK5            000500-0005FF              100
        BANK6            000600-0006FF              100
        BANK7            000700-0007FF              100
        BIGRAM           000011-0007FF              7EF
        CODE             000004-000007                4
                         00005A-0007FF              7A6
                         0008D6-007FFF             772A
        COMRAM           000011-00005F               4F
        CONST            000004-000007                4
                         00005A-0007FF              7A6
                         0008D6-007FFF             772A
        EEDATA           F00000-F000FF              100
        MEDIUMCONST      0008D6-007FFF             772A
        RAM              000060-0007FF              100
        SFR              000F53-000FFF                D
        SMALLCONST       0008D6-007FFF              100
        STACK            000060-0007FF              7A0

                                  Symbol Table

EscribeEEprom@Direccion  cstackCOMRAM 000002
EscribeEEprom@Valor      cstackCOMRAM 000001
LeeEEprom@Direccion      cstackCOMRAM 000003
_ANSELA                  (abs)        000F5B
_ANSELD                  (abs)        000F5E
_Configuracion           text2        000854
_EEADR                   (abs)        000FA9
_EECON1bits              (abs)        000FA6
_EECON2                  (abs)        000FA7
_EEDATA                  (abs)        000FA8
_EscribeEEprom           text4        000882
_INTCON                  (abs)        000FF2
_INTCONbits              (abs)        000FF2
_IPR2bits                (abs)        000FA2
_LATA                    (abs)        000F89
_LATD                    (abs)        000F8C
_LeeEEprom               text1        0008AA
_PIE2bits                (abs)        000FA0
_PIR2bits                (abs)        000FA1
_PORTD                   (abs)        000F83
_RCONbits                (abs)        000FD0
_T0CON                   (abs)        000FD5
_TRISA                   (abs)        000F92
_TRISD                   (abs)        000F95
_Value                   nvCOMRAM     00000F
__HRAM                   (abs)        000000
__Habs1                  abs1         000000
__Hbank0                 bank0        000000
__Hbank1                 bank1        000000
__Hbank2                 bank2        000000
__Hbank3                 bank3        000000
__Hbank4                 bank4        000000
__Hbank5                 bank5        000000
__Hbank6                 bank6        000000
__Hbank7                 bank7        000000
__Hbigbss                bigbss       000000
__Hbigdata               bigdata      000000
__Hbigram                bigram       000000
__Hbss                   bss          000000
__Hcinit                 cinit        000000
__Hclrtext               clrtext      000000
__Hcomram                comram       000000
__Hconfig                config       30000E
__Hconst                 const        000000
__HcstackCOMRAM          cstackCOMRAM 000000
__Hdata                  data         000000
__Heeprom_data           eeprom_data  000000
__Hfarbss                farbss       000000
__Hfardata               fardata      000000
__Hibigdata              ibigdata     000000
__Hidata                 idata        000000
__Hidloc                 idloc        200008
__Hifardata              ifardata     000000
__Hinit                  init         00005A
__Hintcode               intcode      000056
__Hintcode_body          intcode_body 000000
__Hintcodelo             intcodelo    000056
__Hintentry              intentry     000000
__Hintret                intret       000000
__Hintsave_regs          intsave_regs 000000
__Hirdata                irdata       000000
__Hmediumconst           mediumconst  000000
__HnvCOMRAM              nvCOMRAM     000000
__HnvFARRAM              nvFARRAM     000000
__Hnvbit                 nvbit        000000
__Hnvrram                nvrram       000000
__Hparam                 rparam       000000
__Hpowerup               powerup      000056
__Hram                   ram          000000
__Hramtop                ramtop       000800
__Hrbit                  rbit         000000
__Hrbss                  rbss         000000
__Hrdata                 rdata        000000
__Hreset_vec             reset_vec    000004
__Hrparam                rparam       000000
__Hsfr                   sfr          000000
__Hsmallconst            smallconst   00080C
__Hspace_0               (abs)        0008D6
__Hspace_1               (abs)        000011
__Hspace_2               (abs)        000000
__Hspace_4               (abs)        60000E
__Hstack                 stack        000000
__Hstruct                struct       000000
__Htemp                  temp         000011
__Htext                  text         000000
__Htext0                 text0        000000
__Htext1                 text1        000000
__Htext2                 text2        000000
__Htext4                 text4        000000
__LRAM                   (abs)        000001
__Labs1                  abs1         000000
__Lbank0                 bank0        000000
__Lbank1                 bank1        000000
__Lbank2                 bank2        000000
__Lbank3                 bank3        000000
__Lbank4                 bank4        000000
__Lbank5                 bank5        000000
__Lbank6                 bank6        000000
__Lbank7                 bank7        000000
__Lbigbss                bigbss       000000
__Lbigdata               bigdata      000000
__Lbigram                bigram       000000
__Lbss                   bss          000000
__Lcinit                 cinit        000000
__Lclrtext               clrtext      000000
__Lcomram                comram       000000
__Lconfig                config       000000
__Lconst                 const        000000
__LcstackCOMRAM          cstackCOMRAM 000000
__Ldata                  data         000000
__Leeprom_data           eeprom_data  000000
__Lfarbss                farbss       000000
__Lfardata               fardata      000000
__Libigdata              ibigdata     000000
__Lidata                 idata        000000
__Lidloc                 idloc        000000
__Lifardata              ifardata     000000
__Linit                  init         000056
__Lintcode               intcode      000008
__Lintcode_body          intcode_body 000000
__Lintcodelo             intcodelo    000056
__Lintentry              intentry     000000
__Lintret                intret       000000
__Lintsave_regs          intsave_regs 000000
__Lirdata                irdata       000000
__Lmediumconst           mediumconst  000000
__LnvCOMRAM              nvCOMRAM     000000
__LnvFARRAM              nvFARRAM     000000
__Lnvbit                 nvbit        000000
__Lnvrram                nvrram       000000
__Lparam                 rparam       000000
__Lpowerup               powerup      000056
__Lram                   ram          000000
__Lramtop                ramtop       000800
__Lrbit                  rbit         000000
__Lrbss                  rbss         000000
__Lrdata                 rdata        000000
__Lreset_vec             reset_vec    000000
__Lrparam                rparam       000000
__Lsfr                   sfr          000000
__Lsmallconst            smallconst   000800
__Lspace_0               (abs)        000000
__Lspace_1               (abs)        000000
__Lspace_2               (abs)        000000
__Lspace_4               (abs)        000000
__Lstack                 stack        000000
__Lstruct                struct       000000
__Ltemp                  temp         000010
__Ltext                  text         000000
__Ltext0                 text0        000000
__Ltext1                 text1        000000
__Ltext2                 text2        000000
__Ltext4                 text4        000000
__S0                     (abs)        0008D6
__S1                     (abs)        000011
__S2                     (abs)        000000
__S4                     (abs)        000000
__S5                     (abs)        000000
___inthi_sp              stack        000000
___intlo_sp              stack        000000
___param_bank            (abs)        000000
___rparam_used           (abs)        000001
___sp                    stack        000000
__accesstop              (abs)        000060
__activetblptr           (abs)        000001
__end_of_Configuracion   text2        000882
__end_of_EscribeEEprom   text4        0008AA
__end_of_LeeEEprom       text1        0008C4
__end_of__initialization cinit        0008C4
__end_of_main            text0        000854
__end_of_myHiIsr         intcode      000056
__end_ofmain@F4822       smallconst   00080B
__initialization         cinit        0008C4
__mediumconst            mediumconst  000000
__pcinit                 cinit        0008C4
__pcstackCOMRAM          cstackCOMRAM 000001
__pintcode               intcode      000008
__pnvCOMRAM              nvCOMRAM     00000F
__psmallconst            smallconst   000800
__ptext0                 text0        00080C
__ptext1                 text1        0008AA
__ptext2                 text2        000854
__ptext4                 text4        000882
__ramtop                 ramtop       000800
__size_of_Configuracion  (abs)        000000
__size_of_EscribeEEprom  (abs)        000000
__size_of_LeeEEprom      (abs)        000000
__size_of_main           (abs)        000000
__size_of_myHiIsr        (abs)        000000
__smallconst             smallconst   000800
_main                    text0        00080C
_myHiIsr                 intcode      000008
btemp                    temp         000010
end_of_initialization    cinit        0008C4
int$flags                temp         000010
intlevel0                text         000000
intlevel1                text         000000
intlevel2                text         000000
intlevel3                text         000000
isa$std                  (abs)        000001
isa$xinst                (abs)        000000
main@Dis7seg             cstackCOMRAM 000005
main@F4822               smallconst   000801
stackhi                  (abs)        0007FF
stacklo                  (abs)        000060
start                    init         000056
start_initialization     cinit        0008C4
ttemp5                   temp         000011
ttemp6                   temp         000014
ttemp7                   temp         000018
wtemp8                   temp         000011


MODULE INFORMATION

Module		Function		Class		Link	Load	Size
shared
		main@F4822     		SMALLCONST     	0801	0000	10
		__initialization		CODE           	08C4	0000	1

shared estimated size: 11

main.c
		_LeeEEprom     		CODE           	08AA	0000	26
		_main          		CODE           	080C	0000	72
		_myHiIsr       		CODE           	0008	0000	78
		_EscribeEEprom 		CODE           	0882	0000	40
		_Configuracion 		CODE           	0854	0000	46

main.c estimated size: 262

