Microchip MPLAB XC8 Compiler V2.32

Linker command line:

-W-3 --edf=/opt/microchip/xc8/v2.32/pic/dat/en_msgs.txt -cn \
  -h+dist/default/production/MM_LCD.X.production.sym \
  --cmf=dist/default/production/MM_LCD.X.production.cmf -z -Q18F45K50 \
  -o/tmp/xcXjbFKiH --defsym=__MPLAB_BUILD=1 \
  -Mdist/default/production/MM_LCD.X.production.map -E1 -ver=XC8 Compiler \
  --acfsm=1493 -ASTACK=089h-07FFh -pstack=STACK -ACODE=00h-07FFFh \
  -ACONST=00h-07FFFh -ASMALLCONST=0800h-08FFhx120 \
  -AMEDIUMCONST=0800h-07FFFh -ACOMRAM=01h-05Fh -AABS1=00h-07FFh \
  -ABIGRAM=01h-07FFh -ARAM=060h-0FFh,0100h-01FFhx7 -ABANK0=060h-0FFh \
  -ABANK1=0100h-01FFh -ABANK2=0200h-02FFh -ABANK3=0300h-03FFh \
  -ABANK4=0400h-04FFh -ABANK5=0500h-05FFh -ABANK6=0600h-06FFh \
  -ABANK7=0700h-07FFh -ASFR=0F53h-0F5Fh,0F60h-0FFFh \
  -ACONFIG=0300000h-030000Dh -AIDLOC=0200000h-0200007h \
  -AEEDATA=0F00000h-0F000FFh -peeprom_data=EEDATA \
  -preset_vec=00h,intcode,intcodelo,powerup,init -pramtop=0800h \
  -psmallconst=SMALLCONST -pmediumconst=MEDIUMCONST -pconst=CONST \
  -AFARRAM=00h-00h \
  -prdata=COMRAM,nvrram=COMRAM,nvbit=COMRAM,rbss=COMRAM,rbit=COMRAM \
  -pfarbss=FARRAM,fardata=FARRAM,nvFARRAM=FARRAM \
  -pintsave_regs=BIGRAM,bigbss=BIGRAM,bigdata=BIGRAM -pbss=RAM \
  -pidata=CODE,irdata=CODE,ibigdata=CODE,ifardata=CODE -prparam=COMRAM \
  /tmp/xcXIBpepP.o dist/default/production/MM_LCD.X.production.o 

Object code version is 3.11

Machine type is 18F45K50



                Name                               Link     Load   Length Selector   Space Scale
/tmp/xcXIBpepP.o
                idloc                            200000   200000        8        0       5
                config                           300000   300000        E        0       4
                init                                  0        0        4        0       0
dist/default/production/MM_LCD.X.production.o
                idloc                            200000   200000        8        0       5
                config                           300000   300000        E        0       4
                smallconst                          800      800       1C      400       0
                text15                             1368     1368       18      40E       0
                text14                             12F8     12F8       30      40E       0
                text13                             10FA     10FA       66      40E       0
                text12                              CB2      CB2      188      40E       0
                text11                              E3A      E3A      164      40E       0
                text10                             124E     124E       40      40E       0
                text9                              12C4     12C4       34      40E       0
                text8                              1064     1064       96      40E       0
                text7                              120A     120A       44      40E       0
                text6                              128E     128E       36      40E       0
                text5                               F9E      F9E       C6      40E       0
                text4                               81C      81C      2E2      40E       0
                text3                               AFE      AFE      1B4      40E       0
                text2                              1160     1160       62      40E       0
                text1                              1328     1328       26      40E       0
                text0                              11C2     11C2       48      40E       0
                cstackCOMRAM                          1        1       5F        1       1
                cstackBANK0                          88       88        1       60       1
                bssBANK0                             60       60       28       60       1
                cinit                              134E     134E       1A      40E       0

TOTAL           Name                               Link     Load   Length     Space
        CLASS   STACK          

        CLASS   CODE           
                init                                  0        0        4         0
                text15                             1368     1368       18         0
                text14                             12F8     12F8       30         0
                text13                             10FA     10FA       66         0
                text12                              CB2      CB2      188         0
                text11                              E3A      E3A      164         0
                text10                             124E     124E       40         0
                text9                              12C4     12C4       34         0
                text8                              1064     1064       96         0
                text7                              120A     120A       44         0
                text6                              128E     128E       36         0
                text5                               F9E      F9E       C6         0
                text4                               81C      81C      2E2         0
                text3                               AFE      AFE      1B4         0
                text2                              1160     1160       62         0
                text1                              1328     1328       26         0
                text0                              11C2     11C2       48         0
                cinit                              134E     134E       1A         0

        CLASS   CONST          

        CLASS   SMALLCONST     
                smallconst                          800      800       1C         0

        CLASS   MEDIUMCONST    

        CLASS   COMRAM         
                cstackCOMRAM                          1        1       5F         1

        CLASS   ABS1           

        CLASS   BIGRAM         

        CLASS   RAM            

        CLASS   BANK0          
                cstackBANK0                          88       88        1         1
                bssBANK0                             60       60       28         1

        CLASS   BANK1          

        CLASS   BANK2          

        CLASS   BANK3          

        CLASS   BANK4          

        CLASS   BANK5          

        CLASS   BANK6          

        CLASS   BANK7          

        CLASS   SFR            

        CLASS   CONFIG         
                config                           300000   300000        E         4

        CLASS   IDLOC          
                idloc                            200000   200000        8         5

        CLASS   EEDATA         

        CLASS   FARRAM         



SEGMENTS        Name                           Load    Length   Top    Selector   Space  Class

                cstackCOMRAM                   000001  00005F  000060         1       1  COMRAM  
                reset_vec                      000000  000004  000004         0       0  CODE    
                text4                          00081C  000B64  001380       40E       0  CODE    
                bssBANK0                       000060  000029  000089        60       1  BANK0   
                smallconst                     000800  00001C  00081C       400       0  SMALLCON


UNUSED ADDRESS RANGES

        Name                Unused          Largest block    Delta
        BANK0            000089-0000FF               77
        BANK1            000100-0001FF              100
        BANK2            000200-0002FF              100
        BANK3            000300-0003FF              100
        BANK4            000400-0004FF              100
        BANK5            000500-0005FF              100
        BANK6            000600-0006FF              100
        BANK7            000700-0007FF              100
        BIGRAM           000089-0007FF              777
        CODE             000004-0007FF              7FC
                         001380-007FFF             6C80
        CONST            000004-0007FF              7FC
                         001380-007FFF             6C80
        EEDATA           F00000-F000FF              100
        MEDIUMCONST      001380-007FFF             6C80
        RAM              000089-0007FF              100
        SFR              000F53-000FFF                D
        SMALLCONST       001380-007FFF              100
        STACK            000089-0007FF              777

                                  Symbol Table

?___aodiv                cstackCOMRAM 000001
?___aomod                cstackCOMRAM 000001
?_abs                    cstackCOMRAM 000013
?_dtoa                   cstackCOMRAM 00001E
?_pad                    cstackCOMRAM 000013
?_printf                 cstackCOMRAM 00005A
?_strlen                 cstackCOMRAM 000001
?_vfpfcnvrt              cstackCOMRAM 000042
?_vfprintf               cstackCOMRAM 000052
_ANSELA                  (abs)        000F5B
_ANSELD                  (abs)        000F5E
_Configuracion           text15       001368
_InicializaLCD           text13       0010FA
_LATA                    (abs)        000F89
_LATAbits                (abs)        000F89
_LATD                    (abs)        000F8C
_TRISA                   (abs)        000F92
_TRISD                   (abs)        000F95
__HRAM                   (abs)        000000
__Habs1                  abs1         000000
__Hbank0                 bank0        000000
__Hbank1                 bank1        000000
__Hbank2                 bank2        000000
__Hbank3                 bank3        000000
__Hbank4                 bank4        000000
__Hbank5                 bank5        000000
__Hbank6                 bank6        000000
__Hbank7                 bank7        000000
__Hbigbss                bigbss       000000
__Hbigdata               bigdata      000000
__Hbigram                bigram       000000
__Hbss                   bss          000000
__HbssBANK0              bssBANK0     000000
__Hcinit                 cinit        000000
__Hclrtext               clrtext      000000
__Hcomram                comram       000000
__Hconfig                config       30000E
__Hconst                 const        000000
__HcstackBANK0           cstackBANK0  000000
__HcstackCOMRAM          cstackCOMRAM 000000
__Hdata                  data         000000
__Heeprom_data           eeprom_data  000000
__Hfarbss                farbss       000000
__Hfardata               fardata      000000
__Hibigdata              ibigdata     000000
__Hidata                 idata        000000
__Hidloc                 idloc        200008
__Hifardata              ifardata     000000
__Hinit                  init         000004
__Hintcode               intcode      000000
__Hintcode_body          intcode_body 000000
__Hintcodelo             intcodelo    000000
__Hintentry              intentry     000000
__Hintret                intret       000000
__Hintsave_regs          intsave_regs 000000
__Hirdata                irdata       000000
__Hmediumconst           mediumconst  000000
__HnvFARRAM              nvFARRAM     000000
__Hnvbit                 nvbit        000000
__Hnvrram                nvrram       000000
__Hparam                 rparam       000000
__Hpowerup               powerup      000000
__Hram                   ram          000000
__Hramtop                ramtop       000800
__Hrbit                  rbit         000000
__Hrbss                  rbss         000000
__Hrdata                 rdata        000000
__Hreset_vec             reset_vec    000000
__Hrparam                rparam       000000
__Hsfr                   sfr          000000
__Hsmallconst            smallconst   00081C
__Hspace_0               (abs)        001380
__Hspace_1               (abs)        000089
__Hspace_2               (abs)        000000
__Hspace_4               (abs)        60000E
__Hstack                 stack        000000
__Hstruct                struct       000000
__Htemp                  temp         000000
__Htext                  text         000000
__Htext0                 text0        000000
__Htext1                 text1        000000
__Htext10                text10       000000
__Htext11                text11       000000
__Htext12                text12       000000
__Htext13                text13       000000
__Htext14                text14       000000
__Htext15                text15       000000
__Htext2                 text2        000000
__Htext3                 text3        000000
__Htext4                 text4        000000
__Htext5                 text5        000000
__Htext6                 text6        000000
__Htext7                 text7        000000
__Htext8                 text8        000000
__Htext9                 text9        000000
__LRAM                   (abs)        000001
__Labs1                  abs1         000000
__Lbank0                 bank0        000000
__Lbank1                 bank1        000000
__Lbank2                 bank2        000000
__Lbank3                 bank3        000000
__Lbank4                 bank4        000000
__Lbank5                 bank5        000000
__Lbank6                 bank6        000000
__Lbank7                 bank7        000000
__Lbigbss                bigbss       000000
__Lbigdata               bigdata      000000
__Lbigram                bigram       000000
__Lbss                   bss          000000
__LbssBANK0              bssBANK0     000000
__Lcinit                 cinit        000000
__Lclrtext               clrtext      000000
__Lcomram                comram       000000
__Lconfig                config       000000
__Lconst                 const        000000
__LcstackBANK0           cstackBANK0  000000
__LcstackCOMRAM          cstackCOMRAM 000000
__Ldata                  data         000000
__Leeprom_data           eeprom_data  000000
__Lfarbss                farbss       000000
__Lfardata               fardata      000000
__Libigdata              ibigdata     000000
__Lidata                 idata        000000
__Lidloc                 idloc        000000
__Lifardata              ifardata     000000
__Linit                  init         000000
__Lintcode               intcode      000000
__Lintcode_body          intcode_body 000000
__Lintcodelo             intcodelo    000000
__Lintentry              intentry     000000
__Lintret                intret       000000
__Lintsave_regs          intsave_regs 000000
__Lirdata                irdata       000000
__Lmediumconst           mediumconst  000000
__LnvFARRAM              nvFARRAM     000000
__Lnvbit                 nvbit        000000
__Lnvrram                nvrram       000000
__Lparam                 rparam       000000
__Lpowerup               powerup      000000
__Lram                   ram          000000
__Lramtop                ramtop       000800
__Lrbit                  rbit         000000
__Lrbss                  rbss         000000
__Lrdata                 rdata        000000
__Lreset_vec             reset_vec    000000
__Lrparam                rparam       000000
__Lsfr                   sfr          000000
__Lsmallconst            smallconst   000800
__Lspace_0               (abs)        000000
__Lspace_1               (abs)        000000
__Lspace_2               (abs)        000000
__Lspace_4               (abs)        000000
__Lstack                 stack        000000
__Lstruct                struct       000000
__Ltemp                  temp         000000
__Ltext                  text         000000
__Ltext0                 text0        000000
__Ltext1                 text1        000000
__Ltext10                text10       000000
__Ltext11                text11       000000
__Ltext12                text12       000000
__Ltext13                text13       000000
__Ltext14                text14       000000
__Ltext15                text15       000000
__Ltext2                 text2        000000
__Ltext3                 text3        000000
__Ltext4                 text4        000000
__Ltext5                 text5        000000
__Ltext6                 text6        000000
__Ltext7                 text7        000000
__Ltext8                 text8        000000
__Ltext9                 text9        000000
__S0                     (abs)        001380
__S1                     (abs)        000089
__S2                     (abs)        000000
__S4                     (abs)        000000
__S5                     (abs)        000000
___aodiv                 text12       000CB2
___aodiv@counter         cstackCOMRAM 000011
___aodiv@dividend        cstackCOMRAM 000001
___aodiv@divisor         cstackCOMRAM 000009
___aodiv@quotient        cstackCOMRAM 000013
___aodiv@sign            cstackCOMRAM 000012
___aomod                 text11       000E3A
___aomod@counter         cstackCOMRAM 000011
___aomod@dividend        cstackCOMRAM 000001
___aomod@divisor         cstackCOMRAM 000009
___aomod@sign            cstackCOMRAM 000012
___inthi_sp              stack        000000
___intlo_sp              stack        000000
___param_bank            (abs)        000000
___rparam_used           (abs)        000001
___sp                    stack        000000
__accesstop              (abs)        000060
__activetblptr           (abs)        000001
__end_of_Configuracion   text15       001380
__end_of_InicializaLCD   text13       001160
__end_of___aodiv         text12       000E3A
__end_of___aomod         text11       000F9E
__end_of__initialization cinit        00135A
__end_of_abs             text10       00128E
__end_of_dtoa            text4        000AFE
__end_of_fputc           text8        0010FA
__end_of_fputs           text7        00124E
__end_of_main            text0        00120A
__end_of_pad             text5        001064
__end_of_printf          text1        00134E
__end_of_putch           text9        0012F8
__end_of_putcm           text14       001328
__end_of_strlen          text6        0012C4
__end_of_vfpfcnvrt       text3        000CB2
__end_of_vfprintf        text2        0011C2
__initialization         cinit        00134E
__mediumconst            mediumconst  000000
__pbssBANK0              bssBANK0     000060
__pcinit                 cinit        00134E
__pcstackBANK0           cstackBANK0  000088
__pcstackCOMRAM          cstackCOMRAM 000001
__psmallconst            smallconst   000800
__ptext0                 text0        0011C2
__ptext1                 text1        001328
__ptext10                text10       00124E
__ptext11                text11       000E3A
__ptext12                text12       000CB2
__ptext13                text13       0010FA
__ptext14                text14       0012F8
__ptext15                text15       001368
__ptext2                 text2        001160
__ptext3                 text3        000AFE
__ptext4                 text4        00081C
__ptext5                 text5        000F9E
__ptext6                 text6        00128E
__ptext7                 text7        00120A
__ptext8                 text8        001064
__ptext9                 text9        0012C4
__ramtop                 ramtop       000800
__size_of_Configuracion  (abs)        000000
__size_of_InicializaLCD  (abs)        000000
__size_of___aodiv        (abs)        000000
__size_of___aomod        (abs)        000000
__size_of_abs            (abs)        000000
__size_of_dtoa           (abs)        000000
__size_of_fputc          (abs)        000000
__size_of_fputs          (abs)        000000
__size_of_main           (abs)        000000
__size_of_pad            (abs)        000000
__size_of_printf         (abs)        000000
__size_of_putch          (abs)        000000
__size_of_putcm          (abs)        000000
__size_of_strlen         (abs)        000000
__size_of_vfpfcnvrt      (abs)        000000
__size_of_vfprintf       (abs)        000000
__smallconst             smallconst   000800
_abs                     text10       00124E
_dbuf                    bssBANK0     000068
_dtoa                    text4        00081C
_dtoa$623                cstackCOMRAM 000030
_flags                   bssBANK0     000066
_fputc                   text8        001064
_fputs                   text7        00120A
_main                    text0        0011C2
_nout                    bssBANK0     000060
_pad                     text5        000F9E
_prec                    bssBANK0     000064
_printf                  text1        001328
_putch                   text9        0012C4
_putcm                   text14       0012F8
_strlen                  text6        00128E
_vfpfcnvrt               text3        000AFE
_vfprintf                text2        001160
_width                   bssBANK0     000062
abs@a                    cstackCOMRAM 000013
dtoa@d                   cstackCOMRAM 000020
dtoa@fp                  cstackCOMRAM 00001E
dtoa@i                   cstackCOMRAM 000040
dtoa@n                   cstackCOMRAM 000038
dtoa@p                   cstackCOMRAM 000032
dtoa@s                   cstackCOMRAM 000036
dtoa@w                   cstackCOMRAM 000034
end_of_initialization    cinit        00135A
fputc@c                  cstackCOMRAM 000003
fputc@fp                 cstackCOMRAM 000005
fputs@c                  cstackCOMRAM 000010
fputs@fp                 cstackCOMRAM 00000E
fputs@i                  cstackCOMRAM 000011
fputs@s                  cstackCOMRAM 00000C
intlevel0                text         000000
intlevel1                text         000000
intlevel2                text         000000
intlevel3                text         000000
isa$std                  (abs)        000001
isa$xinst                (abs)        000000
pad@buf                  cstackCOMRAM 000015
pad@fp                   cstackCOMRAM 000013
pad@i                    cstackCOMRAM 00001A
pad@p                    cstackCOMRAM 000017
pad@w                    cstackCOMRAM 00001C
printf@ap                cstackCOMRAM 00005E
printf@fmt               cstackCOMRAM 00005A
putch@Activa             cstackCOMRAM 000002
putch@data               cstackCOMRAM 000001
putcm@Activa             cstackCOMRAM 000002
putcm@data               cstackCOMRAM 000001
stackhi                  (abs)        0007FF
stacklo                  (abs)        000089
start                    init         000000
start_initialization     cinit        00134E
strlen@a                 cstackCOMRAM 000003
strlen@s                 cstackCOMRAM 000001
vfpfcnvrt@ap             cstackCOMRAM 000046
vfpfcnvrt@fmt            cstackCOMRAM 000044
vfpfcnvrt@fp             cstackCOMRAM 000042
vfpfcnvrt@ll             cstackCOMRAM 00004A
vfprintf@ap              cstackCOMRAM 000056
vfprintf@cfmt            cstackCOMRAM 000058
vfprintf@fmt             cstackCOMRAM 000054
vfprintf@fp              cstackCOMRAM 000052


MODULE INFORMATION

Module		Function		Class		Link	Load	Size
/opt/microchip/xc8/v2.32/pic/sources/c99/common/nf_fputs.c
		_fputs         		CODE           	120A	0000	68

/opt/microchip/xc8/v2.32/pic/sources/c99/common/nf_fputs.c estimated size: 68

/opt/microchip/xc8/v2.32/pic/sources/c99/common/aodiv.c
		___aodiv       		CODE           	0CB2	0000	392

/opt/microchip/xc8/v2.32/pic/sources/c99/common/aodiv.c estimated size: 392

/opt/microchip/xc8/v2.32/pic/sources/c99/common/printf.c
		_printf        		CODE           	1328	0000	38

/opt/microchip/xc8/v2.32/pic/sources/c99/common/printf.c estimated size: 38

/opt/microchip/xc8/v2.32/pic/sources/c99/common/abs.c
		_abs           		CODE           	124E	0000	64

/opt/microchip/xc8/v2.32/pic/sources/c99/common/abs.c estimated size: 64

/opt/microchip/xc8/v2.32/pic/sources/c99/common/strlen.c
		_strlen        		CODE           	128E	0000	54

/opt/microchip/xc8/v2.32/pic/sources/c99/common/strlen.c estimated size: 54

/opt/microchip/xc8/v2.32/pic/sources/c99/common/nf_fputc.c
		_fputc         		CODE           	1064	0000	150

/opt/microchip/xc8/v2.32/pic/sources/c99/common/nf_fputc.c estimated size: 150

shared
		__initialization		CODE           	134E	0000	12

shared estimated size: 12

/opt/microchip/xc8/v2.32/pic/sources/c99/common/doprnt.c
		_vfpfcnvrt     		CODE           	0AFE	0000	436
		_pad           		CODE           	0F9E	0000	198
		_dtoa          		CODE           	081C	0000	738
		_vfprintf      		CODE           	1160	0000	98

/opt/microchip/xc8/v2.32/pic/sources/c99/common/doprnt.c estimated size: 1470

/opt/microchip/xc8/v2.32/pic/sources/c99/common/aomod.c
		___aomod       		CODE           	0E3A	0000	356

/opt/microchip/xc8/v2.32/pic/sources/c99/common/aomod.c estimated size: 356

main.c
		_putcm         		CODE           	12F8	0000	48
		_InicializaLCD 		CODE           	10FA	0000	102
		_putch         		CODE           	12C4	0000	52
		_main          		CODE           	11C2	0000	72
		_Configuracion 		CODE           	1368	0000	24

main.c estimated size: 298

