Microchip MPLAB XC8 Compiler V2.32

Linker command line:

-W-3 --edf=C:\Program Files\Microchip\xc8\v2.32\pic\dat\en_msgs.txt -cn \
  -h+dist/default/production\MM_Tarea_02.X.production.sym \
  --cmf=dist/default/production\MM_Tarea_02.X.production.cmf -z -Q18F45K50 \
  -oC:\Users\diego\AppData\Local\Temp\xcAs7fo.4 --defsym=__MPLAB_BUILD=1 \
  -Mdist/default/production/MM_Tarea_02.X.production.map -E1 \
  -ver=XC8 Compiler --acfsm=1493 -ASTACK=060h-07FFh -pstack=STACK \
  -ACODE=00h-07FFFh -ACONST=00h-07FFFh -ASMALLCONST=0800h-08FFhx120 \
  -AMEDIUMCONST=0800h-07FFFh -ACOMRAM=01h-05Fh -AABS1=00h-07FFh \
  -ABIGRAM=01h-07FFh -ARAM=060h-0FFh,0100h-01FFhx7 -ABANK0=060h-0FFh \
  -ABANK1=0100h-01FFh -ABANK2=0200h-02FFh -ABANK3=0300h-03FFh \
  -ABANK4=0400h-04FFh -ABANK5=0500h-05FFh -ABANK6=0600h-06FFh \
  -ABANK7=0700h-07FFh -ASFR=0F53h-0F5Fh,0F60h-0FFFh \
  -ACONFIG=0300000h-030000Dh -AIDLOC=0200000h-0200007h \
  -AEEDATA=0F00000h-0F000FFh -peeprom_data=EEDATA \
  -preset_vec=00h,intcode=08h,intcodelo,powerup,init -pramtop=0800h \
  -psmallconst=SMALLCONST -pmediumconst=MEDIUMCONST -pconst=CONST \
  -AFARRAM=00h-00h \
  -prdata=COMRAM,nvrram=COMRAM,nvbit=COMRAM,rbss=COMRAM,rbit=COMRAM \
  -pfarbss=FARRAM,fardata=FARRAM,nvFARRAM=FARRAM \
  -pintsave_regs=BIGRAM,bigbss=BIGRAM,bigdata=BIGRAM -pbss=RAM \
  -pidata=CODE,irdata=CODE,ibigdata=CODE,ifardata=CODE -prparam=COMRAM \
  C:\Users\diego\AppData\Local\Temp\xcAs7fo.o \
  dist/default/production\MM_Tarea_02.X.production.o 

Object code version is 3.11

Machine type is 18F45K50



                Name                               Link     Load   Length Selector   Space Scale
C:\Users\diego\AppData\Local\Temp\xcAs7fo.o
                idloc                            200000   200000        8        0       5
                config                           300000   300000        E        0       4
                init                                 2A       2A        4        4       0
                reset_vec                             0        0        4        0       0
dist/default/production\MM_Tarea_02.X.production.o
                intcode                               8        8       22        4       0
                idloc                            200000   200000        8        0       5
                config                           300000   300000        E        0       4
                temp                                 16       16        1        1       1
                text2                               164      164       22        4       0
                text1                               186      186       1C        4       0
                text0                                2E       2E      104        4       0
                cstackCOMRAM                          1        1        B        1       1
                dataCOMRAM                            C        C        8        1       1
                bssCOMRAM                            14       14        2        1       1
                cinit                               132      132       32        4       0
                idataCOMRAM                         1A2      1A2        8        4       0

TOTAL           Name                               Link     Load   Length     Space
        CLASS   STACK          

        CLASS   CODE           
                intcode                               8        8       22         0
                init                                 2A       2A        4         0
                reset_vec                             0        0        4         0
                text2                               164      164       22         0
                text1                               186      186       1C         0
                text0                                2E       2E      104         0
                cinit                               132      132       32         0
                idataCOMRAM                         1A2      1A2        8         0

        CLASS   CONST          

        CLASS   SMALLCONST     

        CLASS   MEDIUMCONST    

        CLASS   COMRAM         
                temp                                 16       16        1         1
                cstackCOMRAM                          1        1        B         1
                dataCOMRAM                            C        C        8         1
                bssCOMRAM                            14       14        2         1

        CLASS   ABS1           

        CLASS   BIGRAM         

        CLASS   RAM            

        CLASS   BANK0          

        CLASS   BANK1          

        CLASS   BANK2          

        CLASS   BANK3          

        CLASS   BANK4          

        CLASS   BANK5          

        CLASS   BANK6          

        CLASS   BANK7          

        CLASS   SFR            

        CLASS   CONFIG         
                config                           300000   300000        E         4

        CLASS   IDLOC          
                idloc                            200000   200000        8         5

        CLASS   EEDATA         

        CLASS   FARRAM         



SEGMENTS        Name                           Load    Length   Top    Selector   Space  Class

                reset_vec                      000000  000004  000004         0       0  CODE    
                cstackCOMRAM                   000001  000016  000017         1       1  COMRAM  
                intcode                        000008  0001A2  0001AA         4       0  CODE    


UNUSED ADDRESS RANGES

        Name                Unused          Largest block    Delta
        BANK0            000060-0000FF               A0
        BANK1            000100-0001FF              100
        BANK2            000200-0002FF              100
        BANK3            000300-0003FF              100
        BANK4            000400-0004FF              100
        BANK5            000500-0005FF              100
        BANK6            000600-0006FF              100
        BANK7            000700-0007FF              100
        BIGRAM           000017-0007FF              7E9
        CODE             000004-000007                4
                         0001AA-007FFF             7E56
        COMRAM           000017-00005F               49
        CONST            000004-000007                4
                         0001AA-007FFF             7E56
        EEDATA           F00000-F000FF              100
        MEDIUMCONST      000800-007FFF             7800
        RAM              000060-0007FF              100
        SFR              000F53-000FFF                D
        SMALLCONST       000800-007FFF              100
        STACK            000060-0007FF              7A0

                                  Symbol Table

_ANSELA                     (abs)        000F5B
_ANSELB                     (abs)        000F5C
_ANSELD                     (abs)        000F5E
_INTCON                     (abs)        000FF2
_INTCONbits                 (abs)        000FF2
_LATA                       (abs)        000F89
_LATD                       (abs)        000F8C
_RCONbits                   (abs)        000FD0
_TRISA                      (abs)        000F92
_TRISB                      (abs)        000F93
_TRISD                      (abs)        000F95
__HRAM                      (abs)        000000
__Habs1                     abs1         000000
__Hbank0                    bank0        000000
__Hbank1                    bank1        000000
__Hbank2                    bank2        000000
__Hbank3                    bank3        000000
__Hbank4                    bank4        000000
__Hbank5                    bank5        000000
__Hbank6                    bank6        000000
__Hbank7                    bank7        000000
__Hbigbss                   bigbss       000000
__Hbigdata                  bigdata      000000
__Hbigram                   bigram       000000
__Hbss                      bss          000000
__HbssCOMRAM                bssCOMRAM    000000
__Hcinit                    cinit        000000
__Hclrtext                  clrtext      000000
__Hcomram                   comram       000000
__Hconfig                   config       30000E
__Hconst                    const        000000
__HcstackCOMRAM             cstackCOMRAM 000000
__Hdata                     data         000000
__HdataCOMRAM               dataCOMRAM   000000
__Heeprom_data              eeprom_data  000000
__Hfarbss                   farbss       000000
__Hfardata                  fardata      000000
__Hibigdata                 ibigdata     000000
__Hidata                    idata        000000
__HidataCOMRAM              idataCOMRAM  000000
__Hidloc                    idloc        200008
__Hifardata                 ifardata     000000
__Hinit                     init         00002E
__Hintcode                  intcode      00002A
__Hintcode_body             intcode_body 000000
__Hintcodelo                intcodelo    00002A
__Hintentry                 intentry     000000
__Hintret                   intret       000000
__Hintsave_regs             intsave_regs 000000
__Hirdata                   irdata       000000
__Hmediumconst              mediumconst  000000
__HnvFARRAM                 nvFARRAM     000000
__Hnvbit                    nvbit        000000
__Hnvrram                   nvrram       000000
__Hparam                    rparam       000000
__Hpowerup                  powerup      00002A
__Hram                      ram          000000
__Hramtop                   ramtop       000800
__Hrbit                     rbit         000000
__Hrbss                     rbss         000000
__Hrdata                    rdata        000000
__Hreset_vec                reset_vec    000004
__Hrparam                   rparam       000000
__Hsfr                      sfr          000000
__Hsmallconst               smallconst   000000
__Hspace_0                  (abs)        000800
__Hspace_1                  (abs)        000017
__Hspace_2                  (abs)        000000
__Hspace_4                  (abs)        60000E
__Hstack                    stack        000000
__Hstruct                   struct       000000
__Htemp                     temp         000017
__Htext                     text         000000
__Htext0                    text0        000000
__Htext1                    text1        000000
__Htext2                    text2        000000
__LRAM                      (abs)        000001
__Labs1                     abs1         000000
__Lbank0                    bank0        000000
__Lbank1                    bank1        000000
__Lbank2                    bank2        000000
__Lbank3                    bank3        000000
__Lbank4                    bank4        000000
__Lbank5                    bank5        000000
__Lbank6                    bank6        000000
__Lbank7                    bank7        000000
__Lbigbss                   bigbss       000000
__Lbigdata                  bigdata      000000
__Lbigram                   bigram       000000
__Lbss                      bss          000000
__LbssCOMRAM                bssCOMRAM    000000
__Lcinit                    cinit        000000
__Lclrtext                  clrtext      000000
__Lcomram                   comram       000000
__Lconfig                   config       000000
__Lconst                    const        000000
__LcstackCOMRAM             cstackCOMRAM 000000
__Ldata                     data         000000
__LdataCOMRAM               dataCOMRAM   000000
__Leeprom_data              eeprom_data  000000
__Lfarbss                   farbss       000000
__Lfardata                  fardata      000000
__Libigdata                 ibigdata     000000
__Lidata                    idata        000000
__LidataCOMRAM              idataCOMRAM  000000
__Lidloc                    idloc        000000
__Lifardata                 ifardata     000000
__Linit                     init         00002A
__Lintcode                  intcode      000008
__Lintcode_body             intcode_body 000000
__Lintcodelo                intcodelo    00002A
__Lintentry                 intentry     000000
__Lintret                   intret       000000
__Lintsave_regs             intsave_regs 000000
__Lirdata                   irdata       000000
__Lmediumconst              mediumconst  000000
__LnvFARRAM                 nvFARRAM     000000
__Lnvbit                    nvbit        000000
__Lnvrram                   nvrram       000000
__Lparam                    rparam       000000
__Lpowerup                  powerup      00002A
__Lram                      ram          000000
__Lramtop                   ramtop       000800
__Lrbit                     rbit         000000
__Lrbss                     rbss         000000
__Lrdata                    rdata        000000
__Lreset_vec                reset_vec    000000
__Lrparam                   rparam       000000
__Lsfr                      sfr          000000
__Lsmallconst               smallconst   000000
__Lspace_0                  (abs)        000000
__Lspace_1                  (abs)        000000
__Lspace_2                  (abs)        000000
__Lspace_4                  (abs)        000000
__Lstack                    stack        000000
__Lstruct                   struct       000000
__Ltemp                     temp         000016
__Ltext                     text         000000
__Ltext0                    text0        000000
__Ltext1                    text1        000000
__Ltext2                    text2        000000
__S0                        (abs)        0001AA
__S1                        (abs)        000017
__S2                        (abs)        000000
__S4                        (abs)        000000
__S5                        (abs)        000000
___inthi_sp                 stack        000000
___intlo_sp                 stack        000000
___param_bank               (abs)        000000
___rparam_used              (abs)        000001
___sp                       stack        000000
__accesstop                 (abs)        000060
__activetblptr              (abs)        000002
__end_of__initialization    cinit        000156
__end_of_configuracion      text2        000186
__end_of_incrementarIndice  text1        0001A2
__end_of_main               text0        000132
__end_of_presionaBoton      intcode      00002A
__initialization            cinit        000132
__mediumconst               mediumconst  000000
__pbssCOMRAM                bssCOMRAM    000014
__pcinit                    cinit        000132
__pcstackCOMRAM             cstackCOMRAM 000001
__pdataCOMRAM               dataCOMRAM   00000C
__pidataCOMRAM              idataCOMRAM  0001A2
__pintcode                  intcode      000008
__ptext0                    text0        00002E
__ptext1                    text1        000186
__ptext2                    text2        000164
__ramtop                    ramtop       000800
__size_of_configuracion     (abs)        000000
__size_of_incrementarIndice (abs)        000000
__size_of_main              (abs)        000000
__size_of_presionaBoton     (abs)        000000
__smallconst                smallconst   000000
_configuracion              text2        000164
_incrementarIndice          text1        000186
_indice                     bssCOMRAM    000014
_main                       text0        00002E
_presionaBoton              intcode      000008
_serie                      bssCOMRAM    000015
btemp                       temp         000016
end_of_initialization       cinit        000156
incrementarIndice@limite    cstackCOMRAM 000001
int$flags                   temp         000016
intlevel0                   text         000000
intlevel1                   text         000000
intlevel2                   text         000000
intlevel3                   text         000000
isa$std                     (abs)        000001
isa$xinst                   (abs)        000000
main@F4820                  dataCOMRAM   000012
main@F4822                  dataCOMRAM   00000C
main@F4824                  dataCOMRAM   000010
main@secuencia0             cstackCOMRAM 000008
main@secuencia1             cstackCOMRAM 000004
main@secuencia2             cstackCOMRAM 00000A
stackhi                     (abs)        0007FF
stacklo                     (abs)        000060
start                       init         00002A
start_initialization        cinit        000132
ttemp5                      temp         000017
ttemp6                      temp         00001A
ttemp7                      temp         00001E
wtemp8                      temp         000017


MODULE INFORMATION

Module		Function		Class		Link	Load	Size
shared
		__initialization		CODE           	0132	0000	36

shared estimated size: 36

main.c
		_presionaBoton 		CODE           	0008	0000	34
		_incrementarIndice		CODE           	0186	0000	28
		_configuracion 		CODE           	0164	0000	34
		_main          		CODE           	002E	0000	260

main.c estimated size: 356

