Microchip MPLAB XC8 Compiler V2.32

Linker command line:

-W-3 --edf=C:\Program Files\Microchip\xc8\v2.32\pic\dat\en_msgs.txt -cn \
  -h+dist/default/production\MM_Tarea_01.X.production.sym \
  --cmf=dist/default/production\MM_Tarea_01.X.production.cmf -z -Q18F45K50 \
  -oC:\Users\diego\AppData\Local\Temp\xcAsbh0.4 --defsym=__MPLAB_BUILD=1 \
  -Mdist/default/production/MM_Tarea_01.X.production.map -E1 \
  -ver=XC8 Compiler --acfsm=1493 -ASTACK=092h-07FFh -pstack=STACK \
  -ACODE=00h-07FFFh -ACONST=00h-07FFFh -ASMALLCONST=0800h-08FFhx120 \
  -AMEDIUMCONST=0800h-07FFFh -ACOMRAM=01h-05Fh -AABS1=00h-07FFh \
  -ABIGRAM=01h-07FFh -ARAM=060h-0FFh,0100h-01FFhx7 -ABANK0=060h-0FFh \
  -ABANK1=0100h-01FFh -ABANK2=0200h-02FFh -ABANK3=0300h-03FFh \
  -ABANK4=0400h-04FFh -ABANK5=0500h-05FFh -ABANK6=0600h-06FFh \
  -ABANK7=0700h-07FFh -ASFR=0F53h-0F5Fh,0F60h-0FFFh \
  -ACONFIG=0300000h-030000Dh -AIDLOC=0200000h-0200007h \
  -AEEDATA=0F00000h-0F000FFh -peeprom_data=EEDATA \
  -preset_vec=00h,intcode=08h,intcodelo,powerup,init -pramtop=0800h \
  -psmallconst=SMALLCONST -pmediumconst=MEDIUMCONST -pconst=CONST \
  -AFARRAM=00h-00h \
  -prdata=COMRAM,nvrram=COMRAM,nvbit=COMRAM,rbss=COMRAM,rbit=COMRAM \
  -pfarbss=FARRAM,fardata=FARRAM,nvFARRAM=FARRAM \
  -pintsave_regs=BIGRAM,bigbss=BIGRAM,bigdata=BIGRAM -pbss=RAM \
  -pidata=CODE,irdata=CODE,ibigdata=CODE,ifardata=CODE -prparam=COMRAM \
  C:\Users\diego\AppData\Local\Temp\xcAsbh0.o \
  dist/default/production\MM_Tarea_01.X.production.o 

Object code version is 3.11

Machine type is 18F45K50



                Name                               Link     Load   Length Selector   Space Scale
C:\Users\diego\AppData\Local\Temp\xcAsbh0.o
                idloc                            200000   200000        8        0       5
                config                           300000   300000        E        0       4
                init                                 88       88        4        4       0
                reset_vec                             0        0        4        0       0
dist/default/production\MM_Tarea_01.X.production.o
                intcode                               8        8       80        4       0
                idloc                            200000   200000        8        0       5
                config                           300000   300000        E        0       4
                temp                                 5E       5E        1        1       1
                smallconst                          800      800       28      400       0
                text18                              CBE      CBE      188      414       0
                text17                              E46      E46      164      414       0
                text16                             1362     1362       40      414       0
                text15                             13D8     13D8       34      414       0
                text14                             1112     1112       96      414       0
                text13                             131E     131E       44      414       0
                text12                             13A2     13A2       36      414       0
                text11                              FAA      FAA       C6      414       0
                text10                              828      828      2E2      414       0
                text9                               B0A      B0A      1B4      414       0
                text8                              1274     1274       62      414       0
                text7                              148E     148E       26      414       0
                text6                              140C     140C       30      414       0
                text5                              14B4     14B4       1C      414       0
                text4                              1070     1070       A2      414       0
                text3                              143C     143C       2C      414       0
                text2                              1468     1468       26      414       0
                text1                              120E     120E       66      414       0
                text0                              11A8     11A8       66      414       0
                cstackCOMRAM                          1        1       5C        1       1
                cstackBANK0                          8B       8B        5       60       1
                dataBANK0                            90       90        2       60       1
                bssBANK0                             60       60       2B       60       1
                dataCOMRAM                           5D       5D        1        1       1
                cinit                              12D6     12D6       48      414       0
                idataBANK0                         14D0     14D0        2      414       0
                idataCOMRAM                        14D2     14D2        1      414       0

TOTAL           Name                               Link     Load   Length     Space
        CLASS   STACK          

        CLASS   CODE           
                intcode                               8        8       80         0
                init                                 88       88        4         0
                reset_vec                             0        0        4         0
                text18                              CBE      CBE      188         0
                text17                              E46      E46      164         0
                text16                             1362     1362       40         0
                text15                             13D8     13D8       34         0
                text14                             1112     1112       96         0
                text13                             131E     131E       44         0
                text12                             13A2     13A2       36         0
                text11                              FAA      FAA       C6         0
                text10                              828      828      2E2         0
                text9                               B0A      B0A      1B4         0
                text8                              1274     1274       62         0
                text7                              148E     148E       26         0
                text6                              140C     140C       30         0
                text5                              14B4     14B4       1C         0
                text4                              1070     1070       A2         0
                text3                              143C     143C       2C         0
                text2                              1468     1468       26         0
                text1                              120E     120E       66         0
                text0                              11A8     11A8       66         0
                cinit                              12D6     12D6       48         0
                idataBANK0                         14D0     14D0        2         0
                idataCOMRAM                        14D2     14D2        1         0

        CLASS   CONST          

        CLASS   SMALLCONST     
                smallconst                          800      800       28         0

        CLASS   MEDIUMCONST    

        CLASS   COMRAM         
                temp                                 5E       5E        1         1
                cstackCOMRAM                          1        1       5C         1
                dataCOMRAM                           5D       5D        1         1

        CLASS   ABS1           

        CLASS   BIGRAM         

        CLASS   RAM            

        CLASS   BANK0          
                cstackBANK0                          8B       8B        5         1
                dataBANK0                            90       90        2         1
                bssBANK0                             60       60       2B         1

        CLASS   BANK1          

        CLASS   BANK2          

        CLASS   BANK3          

        CLASS   BANK4          

        CLASS   BANK5          

        CLASS   BANK6          

        CLASS   BANK7          

        CLASS   SFR            

        CLASS   CONFIG         
                config                           300000   300000        E         4

        CLASS   IDLOC          
                idloc                            200000   200000        8         5

        CLASS   EEDATA         

        CLASS   FARRAM         



SEGMENTS        Name                           Load    Length   Top    Selector   Space  Class

                reset_vec                      000000  000004  000004         0       0  CODE    
                cstackCOMRAM                   000001  00005E  00005F         1       1  COMRAM  
                intcode                        000008  000084  00008C         4       0  CODE    
                bssBANK0                       000060  000032  000092        60       1  BANK0   
                smallconst                     000800  000028  000828       400       0  SMALLCON
                text10                         000828  000CAB  0014D3       414       0  CODE    


UNUSED ADDRESS RANGES

        Name                Unused          Largest block    Delta
        BANK0            000092-0000FF               6E
        BANK1            000100-0001FF              100
        BANK2            000200-0002FF              100
        BANK3            000300-0003FF              100
        BANK4            000400-0004FF              100
        BANK5            000500-0005FF              100
        BANK6            000600-0006FF              100
        BANK7            000700-0007FF              100
        BIGRAM           00005F-00005F                1
                         000092-0007FF              76E
        CODE             000004-000007                4
                         00008C-0007FF              774
                         0014D3-007FFF             6B2D
        COMRAM           00005F-00005F                1
        CONST            000004-000007                4
                         00008C-0007FF              774
                         0014D3-007FFF             6B2D
        EEDATA           F00000-F000FF              100
        MEDIUMCONST      0014D3-007FFF             6B2D
        RAM              000092-0007FF              100
        SFR              000F53-000FFF                D
        SMALLCONST       0014D3-007FFF              100
        STACK            000092-0007FF              76E

                                  Symbol Table

?___aodiv                cstackCOMRAM 000002
?___aomod                cstackCOMRAM 000002
?_abs                    cstackCOMRAM 000014
?_dtoa                   cstackCOMRAM 00001F
?_pad                    cstackCOMRAM 000014
?_printf                 cstackBANK0  00008B
?_strlen                 cstackCOMRAM 000002
?_vfpfcnvrt              cstackCOMRAM 000043
?_vfprintf               cstackCOMRAM 000053
_ADCON0                  (abs)        000FC2
_ADCON0bits              (abs)        000FC2
_ADCON1                  (abs)        000FC1
_ADCON2                  (abs)        000FC0
_ADRESH                  (abs)        000FC4
_ADRESL                  (abs)        000FC3
_ANSELB                  (abs)        000F5C
_ANSELD                  (abs)        000F5E
_ANSELE                  (abs)        000F5F
_INTCON                  (abs)        000FF2
_INTCONbits              (abs)        000FF2
_LATD                    (abs)        000F8C
_LATE                    (abs)        000F8D
_PORTE                   (abs)        000F84
_RCONbits                (abs)        000FD0
_TRISB                   (abs)        000F93
_TRISD                   (abs)        000F95
_TRISE                   (abs)        000F96
__HRAM                   (abs)        000000
__Habs1                  abs1         000000
__Hbank0                 bank0        000000
__Hbank1                 bank1        000000
__Hbank2                 bank2        000000
__Hbank3                 bank3        000000
__Hbank4                 bank4        000000
__Hbank5                 bank5        000000
__Hbank6                 bank6        000000
__Hbank7                 bank7        000000
__Hbigbss                bigbss       000000
__Hbigdata               bigdata      000000
__Hbigram                bigram       000000
__Hbss                   bss          000000
__HbssBANK0              bssBANK0     000000
__Hcinit                 cinit        000000
__Hclrtext               clrtext      000000
__Hcomram                comram       000000
__Hconfig                config       30000E
__Hconst                 const        000000
__HcstackBANK0           cstackBANK0  000000
__HcstackCOMRAM          cstackCOMRAM 000000
__Hdata                  data         000000
__HdataBANK0             dataBANK0    000000
__HdataCOMRAM            dataCOMRAM   000000
__Heeprom_data           eeprom_data  000000
__Hfarbss                farbss       000000
__Hfardata               fardata      000000
__Hibigdata              ibigdata     000000
__Hidata                 idata        000000
__HidataBANK0            idataBANK0   000000
__HidataCOMRAM           idataCOMRAM  000000
__Hidloc                 idloc        200008
__Hifardata              ifardata     000000
__Hinit                  init         00008C
__Hintcode               intcode      000088
__Hintcode_body          intcode_body 000000
__Hintcodelo             intcodelo    000088
__Hintentry              intentry     000000
__Hintret                intret       000000
__Hintsave_regs          intsave_regs 000000
__Hirdata                irdata       000000
__Hmediumconst           mediumconst  000000
__HnvFARRAM              nvFARRAM     000000
__Hnvbit                 nvbit        000000
__Hnvrram                nvrram       000000
__Hparam                 rparam       000000
__Hpowerup               powerup      000088
__Hram                   ram          000000
__Hramtop                ramtop       000800
__Hrbit                  rbit         000000
__Hrbss                  rbss         000000
__Hrdata                 rdata        000000
__Hreset_vec             reset_vec    000004
__Hrparam                rparam       000000
__Hsfr                   sfr          000000
__Hsmallconst            smallconst   000828
__Hspace_0               (abs)        0014D3
__Hspace_1               (abs)        000092
__Hspace_2               (abs)        000000
__Hspace_4               (abs)        60000E
__Hstack                 stack        000000
__Hstruct                struct       000000
__Htemp                  temp         00005F
__Htext                  text         000000
__Htext0                 text0        000000
__Htext1                 text1        000000
__Htext10                text10       000000
__Htext11                text11       000000
__Htext12                text12       000000
__Htext13                text13       000000
__Htext14                text14       000000
__Htext15                text15       000000
__Htext16                text16       000000
__Htext17                text17       000000
__Htext18                text18       000000
__Htext2                 text2        000000
__Htext3                 text3        000000
__Htext4                 text4        000000
__Htext5                 text5        000000
__Htext6                 text6        000000
__Htext7                 text7        000000
__Htext8                 text8        000000
__Htext9                 text9        000000
__LRAM                   (abs)        000001
__Labs1                  abs1         000000
__Lbank0                 bank0        000000
__Lbank1                 bank1        000000
__Lbank2                 bank2        000000
__Lbank3                 bank3        000000
__Lbank4                 bank4        000000
__Lbank5                 bank5        000000
__Lbank6                 bank6        000000
__Lbank7                 bank7        000000
__Lbigbss                bigbss       000000
__Lbigdata               bigdata      000000
__Lbigram                bigram       000000
__Lbss                   bss          000000
__LbssBANK0              bssBANK0     000000
__Lcinit                 cinit        000000
__Lclrtext               clrtext      000000
__Lcomram                comram       000000
__Lconfig                config       000000
__Lconst                 const        000000
__LcstackBANK0           cstackBANK0  000000
__LcstackCOMRAM          cstackCOMRAM 000000
__Ldata                  data         000000
__LdataBANK0             dataBANK0    000000
__LdataCOMRAM            dataCOMRAM   000000
__Leeprom_data           eeprom_data  000000
__Lfarbss                farbss       000000
__Lfardata               fardata      000000
__Libigdata              ibigdata     000000
__Lidata                 idata        000000
__LidataBANK0            idataBANK0   000000
__LidataCOMRAM           idataCOMRAM  000000
__Lidloc                 idloc        000000
__Lifardata              ifardata     000000
__Linit                  init         000088
__Lintcode               intcode      000008
__Lintcode_body          intcode_body 000000
__Lintcodelo             intcodelo    000088
__Lintentry              intentry     000000
__Lintret                intret       000000
__Lintsave_regs          intsave_regs 000000
__Lirdata                irdata       000000
__Lmediumconst           mediumconst  000000
__LnvFARRAM              nvFARRAM     000000
__Lnvbit                 nvbit        000000
__Lnvrram                nvrram       000000
__Lparam                 rparam       000000
__Lpowerup               powerup      000088
__Lram                   ram          000000
__Lramtop                ramtop       000800
__Lrbit                  rbit         000000
__Lrbss                  rbss         000000
__Lrdata                 rdata        000000
__Lreset_vec             reset_vec    000000
__Lrparam                rparam       000000
__Lsfr                   sfr          000000
__Lsmallconst            smallconst   000800
__Lspace_0               (abs)        000000
__Lspace_1               (abs)        000000
__Lspace_2               (abs)        000000
__Lspace_4               (abs)        000000
__Lstack                 stack        000000
__Lstruct                struct       000000
__Ltemp                  temp         00005E
__Ltext                  text         000000
__Ltext0                 text0        000000
__Ltext1                 text1        000000
__Ltext10                text10       000000
__Ltext11                text11       000000
__Ltext12                text12       000000
__Ltext13                text13       000000
__Ltext14                text14       000000
__Ltext15                text15       000000
__Ltext16                text16       000000
__Ltext17                text17       000000
__Ltext18                text18       000000
__Ltext2                 text2        000000
__Ltext3                 text3        000000
__Ltext4                 text4        000000
__Ltext5                 text5        000000
__Ltext6                 text6        000000
__Ltext7                 text7        000000
__Ltext8                 text8        000000
__Ltext9                 text9        000000
__S0                     (abs)        0014D3
__S1                     (abs)        000092
__S2                     (abs)        000000
__S4                     (abs)        000000
__S5                     (abs)        000000
___aodiv                 text18       000CBE
___aodiv@counter         cstackCOMRAM 000012
___aodiv@dividend        cstackCOMRAM 000002
___aodiv@divisor         cstackCOMRAM 00000A
___aodiv@quotient        cstackCOMRAM 000014
___aodiv@sign            cstackCOMRAM 000013
___aomod                 text17       000E46
___aomod@counter         cstackCOMRAM 000012
___aomod@dividend        cstackCOMRAM 000002
___aomod@divisor         cstackCOMRAM 00000A
___aomod@sign            cstackCOMRAM 000013
___inthi_sp              stack        000000
___intlo_sp              stack        000000
___param_bank            (abs)        000000
___rparam_used           (abs)        000001
___sp                    stack        000000
__accesstop              (abs)        000060
__activetblptr           (abs)        000001
__end_of___aodiv         text18       000E46
__end_of___aomod         text17       000FAA
__end_of__initialization cinit        00130C
__end_of_abs             text16       0013A2
__end_of_cerrar          text4        001112
__end_of_configuracion   text3        001468
__end_of_conversion      text2        00148E
__end_of_dtoa            text10       000B0A
__end_of_fputc           text14       0011A8
__end_of_fputs           text13       001362
__end_of_inicializaLCD   text1        001274
__end_of_limpiaLCD       text5        0014D0
__end_of_main            text0        00120E
__end_of_pad             text11       001070
__end_of_presionaBoton   intcode      000088
__end_of_printf          text7        0014B4
__end_of_putch           text15       00140C
__end_of_putcm           text6        00143C
__end_of_strlen          text12       0013D8
__end_of_vfpfcnvrt       text9        000CBE
__end_of_vfprintf        text8        0012D6
__initialization         cinit        0012D6
__mediumconst            mediumconst  000000
__pbssBANK0              bssBANK0     000060
__pcinit                 cinit        0012D6
__pcstackBANK0           cstackBANK0  00008B
__pcstackCOMRAM          cstackCOMRAM 000001
__pdataBANK0             dataBANK0    000090
__pdataCOMRAM            dataCOMRAM   00005D
__pidataBANK0            idataBANK0   0014D0
__pidataCOMRAM           idataCOMRAM  0014D2
__pintcode               intcode      000008
__psmallconst            smallconst   000800
__ptext0                 text0        0011A8
__ptext1                 text1        00120E
__ptext10                text10       000828
__ptext11                text11       000FAA
__ptext12                text12       0013A2
__ptext13                text13       00131E
__ptext14                text14       001112
__ptext15                text15       0013D8
__ptext16                text16       001362
__ptext17                text17       000E46
__ptext18                text18       000CBE
__ptext2                 text2        001468
__ptext3                 text3        00143C
__ptext4                 text4        001070
__ptext5                 text5        0014B4
__ptext6                 text6        00140C
__ptext7                 text7        00148E
__ptext8                 text8        001274
__ptext9                 text9        000B0A
__ramtop                 ramtop       000800
__size_of___aodiv        (abs)        000000
__size_of___aomod        (abs)        000000
__size_of_abs            (abs)        000000
__size_of_cerrar         (abs)        000000
__size_of_configuracion  (abs)        000000
__size_of_conversion     (abs)        000000
__size_of_dtoa           (abs)        000000
__size_of_fputc          (abs)        000000
__size_of_fputs          (abs)        000000
__size_of_inicializaLCD  (abs)        000000
__size_of_limpiaLCD      (abs)        000000
__size_of_main           (abs)        000000
__size_of_pad            (abs)        000000
__size_of_presionaBoton  (abs)        000000
__size_of_printf         (abs)        000000
__size_of_putch          (abs)        000000
__size_of_putcm          (abs)        000000
__size_of_strlen         (abs)        000000
__size_of_vfpfcnvrt      (abs)        000000
__size_of_vfprintf       (abs)        000000
__smallconst             smallconst   000800
_abs                     text16       001362
_cerrar                  text4        001070
_configuracion           text3        00143C
_contador                dataBANK0    000090
_conversion              text2        001468
_corriente               bssBANK0     000068
_dbuf                    bssBANK0     00006B
_direccion               dataCOMRAM   00005D
_dtoa                    text10       000828
_dtoa$803                cstackCOMRAM 000031
_enProceso               bssBANK0     00006A
_flags                   bssBANK0     000066
_fputc                   text14       001112
_fputs                   text13       00131E
_inicializaLCD           text1        00120E
_limpiaLCD               text5        0014B4
_main                    text0        0011A8
_nout                    bssBANK0     000060
_pad                     text11       000FAA
_prec                    bssBANK0     000064
_presionaBoton           intcode      000008
_printf                  text7        00148E
_putch                   text15       0013D8
_putcm                   text6        00140C
_strlen                  text12       0013A2
_vfpfcnvrt               text9        000B0A
_vfprintf                text8        001274
_width                   bssBANK0     000062
abs@a                    cstackCOMRAM 000014
btemp                    temp         00005E
dtoa@d                   cstackCOMRAM 000021
dtoa@fp                  cstackCOMRAM 00001F
dtoa@i                   cstackCOMRAM 000041
dtoa@n                   cstackCOMRAM 000039
dtoa@p                   cstackCOMRAM 000033
dtoa@s                   cstackCOMRAM 000037
dtoa@w                   cstackCOMRAM 000035
end_of_initialization    cinit        00130C
fputc@c                  cstackCOMRAM 000004
fputc@fp                 cstackCOMRAM 000006
fputs@c                  cstackCOMRAM 000011
fputs@fp                 cstackCOMRAM 00000F
fputs@i                  cstackCOMRAM 000012
fputs@s                  cstackCOMRAM 00000D
int$flags                temp         00005E
intlevel0                text         000000
intlevel1                text         000000
intlevel2                text         000000
intlevel3                text         000000
isa$std                  (abs)        000001
isa$xinst                (abs)        000000
pad@buf                  cstackCOMRAM 000016
pad@fp                   cstackCOMRAM 000014
pad@i                    cstackCOMRAM 00001B
pad@p                    cstackCOMRAM 000018
pad@w                    cstackCOMRAM 00001D
printf@ap                cstackCOMRAM 00005B
printf@fmt               cstackBANK0  00008B
putch@Activa             cstackCOMRAM 000003
putch@data               cstackCOMRAM 000002
putcm@Activa             cstackCOMRAM 000003
putcm@data               cstackCOMRAM 000002
stackhi                  (abs)        0007FF
stacklo                  (abs)        000092
start                    init         000088
start_initialization     cinit        0012D6
strlen@a                 cstackCOMRAM 000004
strlen@s                 cstackCOMRAM 000002
ttemp5                   temp         00005F
ttemp6                   temp         000062
ttemp7                   temp         000066
vfpfcnvrt@ap             cstackCOMRAM 000047
vfpfcnvrt@fmt            cstackCOMRAM 000045
vfpfcnvrt@fp             cstackCOMRAM 000043
vfpfcnvrt@ll             cstackCOMRAM 00004B
vfprintf@ap              cstackCOMRAM 000057
vfprintf@cfmt            cstackCOMRAM 000059
vfprintf@fmt             cstackCOMRAM 000055
vfprintf@fp              cstackCOMRAM 000053
wtemp8                   temp         00005F


MODULE INFORMATION

Module		Function		Class		Link	Load	Size
C:\Program Files\Microchip\xc8\v2.32\pic\sources\c99\common\doprnt.c
		_vfpfcnvrt     		CODE           	0B0A	0000	436
		_pad           		CODE           	0FAA	0000	198
		_dtoa          		CODE           	0828	0000	738
		_vfprintf      		CODE           	1274	0000	98

C:\Program Files\Microchip\xc8\v2.32\pic\sources\c99\common\doprnt.c estimated size: 1470

C:\Program Files\Microchip\xc8\v2.32\pic\sources\c99\common\nf_fputs.c
		_fputs         		CODE           	131E	0000	68

C:\Program Files\Microchip\xc8\v2.32\pic\sources\c99\common\nf_fputs.c estimated size: 68

C:\Program Files\Microchip\xc8\v2.32\pic\sources\c99\common\abs.c
		_abs           		CODE           	1362	0000	64

C:\Program Files\Microchip\xc8\v2.32\pic\sources\c99\common\abs.c estimated size: 64

C:\Program Files\Microchip\xc8\v2.32\pic\sources\c99\common\aomod.c
		___aomod       		CODE           	0E46	0000	356

C:\Program Files\Microchip\xc8\v2.32\pic\sources\c99\common\aomod.c estimated size: 356

shared
		__initialization		CODE           	12D6	0000	54

shared estimated size: 54

C:\Program Files\Microchip\xc8\v2.32\pic\sources\c99\common\printf.c
		_printf        		CODE           	148E	0000	38

C:\Program Files\Microchip\xc8\v2.32\pic\sources\c99\common\printf.c estimated size: 38

C:\Program Files\Microchip\xc8\v2.32\pic\sources\c99\common\nf_fputc.c
		_fputc         		CODE           	1112	0000	150

C:\Program Files\Microchip\xc8\v2.32\pic\sources\c99\common\nf_fputc.c estimated size: 150

C:\Program Files\Microchip\xc8\v2.32\pic\sources\c99\common\aodiv.c
		___aodiv       		CODE           	0CBE	0000	392

C:\Program Files\Microchip\xc8\v2.32\pic\sources\c99\common\aodiv.c estimated size: 392

main.c
		_presionaBoton 		CODE           	0008	0000	128
		_putcm         		CODE           	140C	0000	48
		_conversion    		CODE           	1468	0000	38
		_configuracion 		CODE           	143C	0000	44
		_putch         		CODE           	13D8	0000	52
		_main          		CODE           	11A8	0000	102
		_inicializaLCD 		CODE           	120E	0000	102
		_limpiaLCD     		CODE           	14B4	0000	28
		_cerrar        		CODE           	1070	0000	162

main.c estimated size: 704

C:\Program Files\Microchip\xc8\v2.32\pic\sources\c99\common\strlen.c
		_strlen        		CODE           	13A2	0000	54

C:\Program Files\Microchip\xc8\v2.32\pic\sources\c99\common\strlen.c estimated size: 54

